Archive member included to satisfy reference by file (symbol)

d:/intelfpga_lite/18.0_quartus/nios2eds/bin/gnu/h-x86_64-mingw32/bin/../lib/gcc/nios2-elf/5.3.0/../../../../../H-x86_64-mingw32/nios2-elf/lib/mno-hw-mul\libc.a(lib_a-malloc.o)
                              obj/default/game.o (malloc)
d:/intelfpga_lite/18.0_quartus/nios2eds/bin/gnu/h-x86_64-mingw32/bin/../lib/gcc/nios2-elf/5.3.0/../../../../../H-x86_64-mingw32/nios2-elf/lib/mno-hw-mul\libc.a(lib_a-mallocr.o)
                              d:/intelfpga_lite/18.0_quartus/nios2eds/bin/gnu/h-x86_64-mingw32/bin/../lib/gcc/nios2-elf/5.3.0/../../../../../H-x86_64-mingw32/nios2-elf/lib/mno-hw-mul\libc.a(lib_a-malloc.o) (_malloc_r)
d:/intelfpga_lite/18.0_quartus/nios2eds/bin/gnu/h-x86_64-mingw32/bin/../lib/gcc/nios2-elf/5.3.0/../../../../../H-x86_64-mingw32/nios2-elf/lib/mno-hw-mul\libc.a(lib_a-printf.o)
                              obj/default/enemy.o (printf)
d:/intelfpga_lite/18.0_quartus/nios2eds/bin/gnu/h-x86_64-mingw32/bin/../lib/gcc/nios2-elf/5.3.0/../../../../../H-x86_64-mingw32/nios2-elf/lib/mno-hw-mul\libc.a(lib_a-puts.o)
                              obj/default/enemy.o (puts)
d:/intelfpga_lite/18.0_quartus/nios2eds/bin/gnu/h-x86_64-mingw32/bin/../lib/gcc/nios2-elf/5.3.0/../../../../../H-x86_64-mingw32/nios2-elf/lib/mno-hw-mul\libc.a(lib_a-sbrkr.o)
                              d:/intelfpga_lite/18.0_quartus/nios2eds/bin/gnu/h-x86_64-mingw32/bin/../lib/gcc/nios2-elf/5.3.0/../../../../../H-x86_64-mingw32/nios2-elf/lib/mno-hw-mul\libc.a(lib_a-mallocr.o) (_sbrk_r)
d:/intelfpga_lite/18.0_quartus/nios2eds/bin/gnu/h-x86_64-mingw32/bin/../lib/gcc/nios2-elf/5.3.0/../../../../../H-x86_64-mingw32/nios2-elf/lib/mno-hw-mul\libc.a(lib_a-strlen.o)
                              d:/intelfpga_lite/18.0_quartus/nios2eds/bin/gnu/h-x86_64-mingw32/bin/../lib/gcc/nios2-elf/5.3.0/../../../../../H-x86_64-mingw32/nios2-elf/lib/mno-hw-mul\libc.a(lib_a-puts.o) (strlen)
d:/intelfpga_lite/18.0_quartus/nios2eds/bin/gnu/h-x86_64-mingw32/bin/../lib/gcc/nios2-elf/5.3.0/../../../../../H-x86_64-mingw32/nios2-elf/lib/mno-hw-mul\libc.a(lib_a-vfprintf.o)
                              d:/intelfpga_lite/18.0_quartus/nios2eds/bin/gnu/h-x86_64-mingw32/bin/../lib/gcc/nios2-elf/5.3.0/../../../../../H-x86_64-mingw32/nios2-elf/lib/mno-hw-mul\libc.a(lib_a-printf.o) (___vfprintf_internal_r)
d:/intelfpga_lite/18.0_quartus/nios2eds/bin/gnu/h-x86_64-mingw32/bin/../lib/gcc/nios2-elf/5.3.0/../../../../../H-x86_64-mingw32/nios2-elf/lib/mno-hw-mul\libc.a(lib_a-wsetup.o)
                              d:/intelfpga_lite/18.0_quartus/nios2eds/bin/gnu/h-x86_64-mingw32/bin/../lib/gcc/nios2-elf/5.3.0/../../../../../H-x86_64-mingw32/nios2-elf/lib/mno-hw-mul\libc.a(lib_a-vfprintf.o) (__swsetup_r)
d:/intelfpga_lite/18.0_quartus/nios2eds/bin/gnu/h-x86_64-mingw32/bin/../lib/gcc/nios2-elf/5.3.0/../../../../../H-x86_64-mingw32/nios2-elf/lib/mno-hw-mul\libc.a(lib_a-dtoa.o)
                              d:/intelfpga_lite/18.0_quartus/nios2eds/bin/gnu/h-x86_64-mingw32/bin/../lib/gcc/nios2-elf/5.3.0/../../../../../H-x86_64-mingw32/nios2-elf/lib/mno-hw-mul\libc.a(lib_a-vfprintf.o) (_dtoa_r)
d:/intelfpga_lite/18.0_quartus/nios2eds/bin/gnu/h-x86_64-mingw32/bin/../lib/gcc/nios2-elf/5.3.0/../../../../../H-x86_64-mingw32/nios2-elf/lib/mno-hw-mul\libc.a(lib_a-fflush.o)
                              d:/intelfpga_lite/18.0_quartus/nios2eds/bin/gnu/h-x86_64-mingw32/bin/../lib/gcc/nios2-elf/5.3.0/../../../../../H-x86_64-mingw32/nios2-elf/lib/mno-hw-mul\libc.a(lib_a-vfprintf.o) (_fflush_r)
d:/intelfpga_lite/18.0_quartus/nios2eds/bin/gnu/h-x86_64-mingw32/bin/../lib/gcc/nios2-elf/5.3.0/../../../../../H-x86_64-mingw32/nios2-elf/lib/mno-hw-mul\libc.a(lib_a-findfp.o)
                              d:/intelfpga_lite/18.0_quartus/nios2eds/bin/gnu/h-x86_64-mingw32/bin/../lib/gcc/nios2-elf/5.3.0/../../../../../H-x86_64-mingw32/nios2-elf/lib/mno-hw-mul\libc.a(lib_a-puts.o) (__sinit)
d:/intelfpga_lite/18.0_quartus/nios2eds/bin/gnu/h-x86_64-mingw32/bin/../lib/gcc/nios2-elf/5.3.0/../../../../../H-x86_64-mingw32/nios2-elf/lib/mno-hw-mul\libc.a(lib_a-freer.o)
                              d:/intelfpga_lite/18.0_quartus/nios2eds/bin/gnu/h-x86_64-mingw32/bin/../lib/gcc/nios2-elf/5.3.0/../../../../../H-x86_64-mingw32/nios2-elf/lib/mno-hw-mul\libc.a(lib_a-malloc.o) (_free_r)
d:/intelfpga_lite/18.0_quartus/nios2eds/bin/gnu/h-x86_64-mingw32/bin/../lib/gcc/nios2-elf/5.3.0/../../../../../H-x86_64-mingw32/nios2-elf/lib/mno-hw-mul\libc.a(lib_a-fvwrite.o)
                              d:/intelfpga_lite/18.0_quartus/nios2eds/bin/gnu/h-x86_64-mingw32/bin/../lib/gcc/nios2-elf/5.3.0/../../../../../H-x86_64-mingw32/nios2-elf/lib/mno-hw-mul\libc.a(lib_a-puts.o) (__sfvwrite_r)
d:/intelfpga_lite/18.0_quartus/nios2eds/bin/gnu/h-x86_64-mingw32/bin/../lib/gcc/nios2-elf/5.3.0/../../../../../H-x86_64-mingw32/nios2-elf/lib/mno-hw-mul\libc.a(lib_a-fwalk.o)
[...]
Memory Configuration

Name             Origin             Length             Attributes
onchip_memory2_0 0x0000000000000000 0x000000000000ea60
reset            0x0000000010000000 0x0000000000000020
sdram            0x0000000010000020 0x0000000007ffffe0
*default*        0x0000000000000000 0xffffffffffffffff

Linker script and memory map

LOAD ../final_project_1_bsp//obj/HAL/src/crt0.o
LOAD obj/default/ball_attack.o
LOAD obj/default/character.o
LOAD obj/default/enemy.o
LOAD obj/default/game.o
LOAD obj/default/io_handler.o
LOAD obj/default/life_bar.o
LOAD obj/default/main.o
LOAD obj/default/text_mode_vga_color.o
LOAD obj/default/usb.o
LOAD d:/intelfpga_lite/18.0_quartus/nios2eds/bin/gnu/h-x86_64-mingw32/bin/../lib/gcc/nios2-elf/5.3.0/../../../../../H-x86_64-mingw32/nios2-elf/lib/mno-hw-mul\libstdc++.a
LOAD d:/intelfpga_lite/18.0_quartus/nios2eds/bin/gnu/h-x86_64-mingw32/bin/../lib/gcc/nios2-elf/5.3.0/../../../../../H-x86_64-mingw32/nios2-elf/lib/mno-hw-mul\libm.a
LOAD d:/intelfpga_lite/18.0_quartus/nios2eds/bin/gnu/h-x86_64-mingw32/bin/../lib/gcc/nios2-elf/5.3.0/mno-hw-mul\libgcc.a
START GROUP
LOAD d:/intelfpga_lite/18.0_quartus/nios2eds/bin/gnu/h-x86_64-mingw32/bin/../lib/gcc/nios2-elf/5.3.0/../../../../../H-x86_64-mingw32/nios2-elf/lib/mno-hw-mul\libc.a
LOAD d:/intelfpga_lite/18.0_quartus/nios2eds/bin/gnu/h-x86_64-mingw32/bin/../lib/gcc/nios2-elf/5.3.0/mno-hw-mul\libgcc.a
LOAD ../final_project_1_bsp/\libhal_bsp.a
LOAD d:/intelfpga_lite/18.0_quartus/nios2eds/bin/gnu/h-x86_64-mingw32/bin/../lib/gcc/nios2-elf/5.3.0/../../../../../H-x86_64-mingw32/nios2-elf/lib/mno-hw-mul\libm.a
END GROUP
LOAD d:/intelfpga_lite/18.0_quartus/nios2eds/bin/gnu/h-x86_64-mingw32/bin/../lib/gcc/nios2-elf/5.3.0/mno-hw-mul\libgcc.a
                0x0000000000000000                __alt_mem_onchip_memory2_0 = 0x0
                0x0000000010000000                __alt_mem_sdram = 0x10000000

.entry          0x0000000010000000       0x20
 *(.entry)
 .entry         0x0000000010000000       0x20 ../final_project_1_bsp//obj/HAL/src/crt0.o
                0x0000000010000000                __reset

.exceptions     0x0000000010000020      0x210
                0x0000000010000020                PROVIDE (__ram_exceptions_start, ABSOLUTE (.))
                0x0000000010000020                . = ALIGN (0x20)
 *(.irq)
 *(.exceptions.entry.label)
 .exceptions.entry.label
                0x0000000010000020        0x0 ../final_project_1_bsp/\libhal_bsp.a(alt_irq_entry.o)
                0x0000000010000020                alt_irq_entry
 .exceptions.entry.label
                0x0000000010000020        0x0 ../final_project_1_bsp/\libhal_bsp.a(alt_exception_entry.o)
                0x0000000010000020                alt_exception
 *(.exceptions.entry.user)
 *(.exceptions.entry.ecc_fatal)
 *(.exceptions.entry)
 .exceptions.entry
                0x0000000010000020       0x54 ../final_project_1_bsp/\libhal_bsp.a(alt_exception_entry.o)
 *(.exceptions.irqtest.user)
 *(.exceptions.irqtest)
 .exceptions.irqtest
                0x0000000010000074       0x10 ../final_project_1_bsp/\libhal_bsp.a(alt_irq_entry.o)
 *(.exceptions.irqhandler.user)
 *(.exceptions.irqhandler)
 .exceptions.irqhandler
                0x0000000010000084        0x4 ../final_project_1_bsp/\libhal_bsp.a(alt_irq_entry.o)
 *(.exceptions.irqreturn.user)
 *(.exceptions.irqreturn)
 .exceptions.irqreturn
                0x0000000010000088        0x4 ../final_project_1_bsp/\libhal_bsp.a(alt_irq_entry.o)
 *(.exceptions.notirq.label)
 .exceptions.notirq.label
                0x000000001000008c        0x0 ../final_project_1_bsp/\libhal_bsp.a(alt_irq_entry.o)
 *(.exceptions.notirq.user)
 *(.exceptions.notirq)
 .exceptions.notirq
                0x000000001000008c        0x8 ../final_project_1_bsp/\libhal_bsp.a(alt_exception_entry.o)
 *(.exceptions.soft.user)
 *(.exceptions.soft)
 *(.exceptions.unknown.user)
 *(.exceptions.unknown)
 .exceptions.unknown
                0x0000000010000094       0x14 ../final_project_1_bsp/\libhal_bsp.a(alt_exception_entry.o)
 *(.exceptions.exit.label)
 .exceptions.exit.label
                0x00000000100000a8        0x0 ../final_project_1_bsp/\libhal_bsp.a(alt_irq_entry.o)
 .exceptions.exit.label
                0x00000000100000a8        0x0 ../final_project_1_bsp/\libhal_bsp.a(alt_exception_entry.o)
 *(.exceptions.exit.user)
 *(.exceptions.exit)
 .exceptions.exit
                0x00000000100000a8       0x54 ../final_project_1_bsp/\libhal_bsp.a(alt_exception_entry.o)
 *(.exceptions)
 .exceptions    0x00000000100000fc       0xd4 ../final_project_1_bsp/\libhal_bsp.a(alt_irq_handler.o)
                0x00000000100000fc                alt_irq_handler
 .exceptions    0x00000000100001d0       0x60 ../final_project_1_bsp/\libhal_bsp.a(alt_instruction_exception_entry.o)
                0x00000000100001d0                alt_instruction_exception_entry
                0x0000000010000230                PROVIDE (__ram_exceptions_end, ABSOLUTE (.))
                0x0000000010000020                PROVIDE (__flash_exceptions_start, LOADADDR (.exceptions))

.text           0x0000000010000230    0x13740
                [!provide]                        PROVIDE (stext, ABSOLUTE (.))
 *(.interp)
 *(.hash)
 *(.dynsym)
 *(.dynstr)
 *(.gnu.version)
 *(.gnu.version_d)
 *(.gnu.version_r)
 *(.rel.init)
 *(.rela.init)
 *(.rel.text .rel.text.* .rel.gnu.linkonce.t.*)
 *(.rela.text .rela.text.* .rela.gnu.linkonce.t.*)
 *(.rel.fini)
 *(.rela.fini)
 *(.rel.rodata .rel.rodata.* .rel.gnu.linkonce.r.*)
 *(.rela.rodata .rela.rodata.* .rela.gnu.linkonce.r.*)
 *(.rel.data .rel.data.* .rel.gnu.linkonce.d.*)
 *(.rela.data .rela.data.* .rela.gnu.linkonce.d.*)
 *(.rel.tdata .rel.tdata.* .rel.gnu.linkonce.td.*)
 *(.rela.tdata .rela.tdata.* .rela.gnu.linkonce.td.*)
 *(.rel.tbss .rel.tbss.* .rel.gnu.linkonce.tb.*)
 *(.rela.tbss .rela.tbss.* .rela.gnu.linkonce.tb.*)
 *(.rel.ctors)
 *(.rela.ctors)
 *(.rel.dtors)
 *(.rela.dtors)
 *(.rel.got)
 *(.rela.got)
 *(.rel.sdata .rel.sdata.* .rel.gnu.linkonce.s.*)
 *(.rela.sdata .rela.sdata.* .rela.gnu.linkonce.s.*)
 *(.rel.sbss .rel.sbss.* .rel.gnu.linkonce.sb.*)
 *(.rela.sbss .rela.sbss.* .rela.gnu.linkonce.sb.*)
 *(.rel.sdata2 .rel.sdata2.* .rel.gnu.linkonce.s2.*)
 *(.rela.sdata2 .rela.sdata2.* .rela.gnu.linkonce.s2.*)
 *(.rel.sbss2 .rel.sbss2.* .rel.gnu.linkonce.sb2.*)
 *(.rela.sbss2 .rela.sbss2.* .rela.gnu.linkonce.sb2.*)
 *(.rel.bss .rel.bss.* .rel.gnu.linkonce.b.*)
 *(.rela.bss .rela.bss.* .rela.gnu.linkonce.b.*)
 *(.rel.plt)
 *(.rela.plt)
 *(.rel.dyn)
 *(.init)
 *(.plt)
 *(.text .stub .text.* .gnu.linkonce.t.*)
 .text          0x0000000010000230       0x3c ../final_project_1_bsp//obj/HAL/src/crt0.o
                0x0000000010000230                _start
 .text          0x000000001000026c      0x31c obj/default/ball_attack.o
                0x000000001000026c                ball_attack_init
                0x00000000100002dc                ball_attack_run
                0x000000001000044c                ball_attack_update_x
                0x000000001000048c                ball_reset
 .text          0x0000000010000588      0x930 obj/default/character.o
                0x0000000010000588                char_init
                0x0000000010000618                char_run
                0x00000000100006f0                char_update_x
                0x0000000010000730                char_update_y
                0x0000000010000788                char_update_y_speed
                0x00000000100007b4                char_is_r
                0x0000000010000850                char_is_l
                0x00000000100008ec                char_get_x_speed
                0x0000000010000998                char_get_y_speed
                0x0000000010000a48                char_update_state
                0x0000000010000e58                char_reset
 .text          0x0000000010000eb8      0x85c obj/default/enemy.o
                0x0000000010000eb8                enemy_init
                0x0000000010000f84                enemy_run
                0x000000001000105c                enemy_update_x
                0x00000000100010a0                enemy_update_x_speed
                0x00000000100011ec                enemy_update_state
                0x00000000100014f8                enemy_update_life
                0x0000000010001544                enemy_reset
                0x000000001000159c                is_patrolling
                0x00000000100015f0                is_close_to_character
 .text          0x0000000010001714      0x840 obj/default/game.o
                0x0000000010001714                game_init
                0x00000000100018c0                game_run
                0x0000000010001acc                game_free
                0x0000000010001b54                isEnemyAttacked
                0x0000000010001e08                isCharacterAttacked
                0x0000000010001ef0                isWin
 .text          0x0000000010001f54      0x1b8 obj/default/io_handler.o
                0x0000000010001f54                IO_init
                0x0000000010002004                IO_write
                0x000000001000208c                IO_read
 .text          0x000000001000210c      0x1e4 obj/default/life_bar.o
                0x000000001000210c                life_bar_init
                0x0000000010002190                life_bar_update_state
 .text          0x00000000100022f0      0xd84 obj/default/main.o
                0x00000000100022f0                main
 .text          0x0000000010003074        0x0 obj/default/text_mode_vga_color.o
 .text          0x0000000010003074     0x1174 obj/default/usb.o
                0x0000000010003074                UsbWrite
                0x00000000100030cc                UsbRead
                0x0000000010003110                UsbSoftReset
                0x00000000100031c4                UsbSetAddress
                0x00000000100032c4                UsbGetDeviceDesc1
                0x000000001000340c                UsbGetDeviceDesc2
                0x00000000100035e4                UsbGetConfigDesc1
                0x0000000010003774                UsbGetConfigDesc2
                0x00000000100039dc                UsbSetConfig
                0x0000000010003adc                UsbClassRequest
                0x0000000010003bdc                UsbGetHidDesc
                0x0000000010003d24                UsbGetReportDesc
                0x0000000010004064                UsbWaitTDListDone
                0x00000000100040e8                UsbGetRetryCnt
                0x0000000010004168                UsbPrintMem
 .text          0x00000000100041e8        0x0 d:/intelfpga_lite/18.0_quartus/nios2eds/bin/gnu/h-x86_64-mingw32/bin/../lib/gcc/nios2-elf/5.3.0/../../../../../H-x86_64-mingw32/nios2-elf/lib/mno-hw-mul\libc.a(lib_a-malloc.o)
 .text.malloc   0x00000000100041e8       0x14 d:/intelfpga_lite/18.0_quartus/nios2eds/bin/gnu/h-x86_64-mingw32/bin/../lib/gcc/nios2-elf/5.3.0/../../../../../H-x86_64-mingw32/nios2-elf/lib/mno-hw-mul\libc.a(lib_a-malloc.o)
                0x00000000100041e8                malloc
 .text.free     0x00000000100041fc       0x14 d:/intelfpga_lite/18.0_quartus/nios2eds/bin/gnu/h-x86_64-mingw32/bin/../lib/gcc/nios2-elf/5.3.0/../../../../../H-x86_64-mingw32/nios2-elf/lib/mno-hw-mul\libc.a(lib_a-malloc.o)
                0x00000000100041fc                free
 .text          0x0000000010004210        0x0 d:/intelfpga_lite/18.0_quartus/nios2eds/bin/gnu/h-x86_64-mingw32/bin/../lib/gcc/nios2-elf/5.3.0/../../../../../H-x86_64-mingw32/nios2-elf/lib/mno-hw-mul\libc.a(lib_a-mallocr.o)
 .text._malloc_r
                0x0000000010004210      0x80c d:/intelfpga_lite/18.0_quartus/nios2eds/bin/gnu/h-x86_64-mingw32/bin/../lib/gcc/nios2-elf/5.3.0/../../../../../H-x86_64-mingw32/nios2-elf/lib/mno-hw-mul\libc.a(lib_a-mallocr.o)
                0x0000000010004210                _malloc_r
 .text          0x0000000010004a1c        0x0 d:/intelfpga_lite/18.0_quartus/nios2eds/bin/gnu/h-x86_64-mingw32/bin/../lib/gcc/nios2-elf/5.3.0/../../../../../H-x86_64-mingw32/nios2-elf/lib/mno-hw-mul\libc.a(lib_a-printf.o)
 .text._printf_r
                0x0000000010004a1c       0x30 d:/intelfpga_lite/18.0_quartus/nios2eds/bin/gnu/h-x86_64-mingw32/bin/../lib/gcc/nios2-elf/5.3.0/../../../../../H-x86_64-mingw32/nios2-elf/lib/mno-hw-mul\libc.a(lib_a-printf.o)
                0x0000000010004a1c                _printf_r
 .text.printf   0x0000000010004a4c       0x3c d:/intelfpga_lite/18.0_quartus/nios2eds/bin/gnu/h-x86_64-mingw32/bin/../lib/gcc/nios2-elf/5.3.0/../../../../../H-x86_64-mingw32/nios2-elf/lib/mno-hw-mul\libc.a(lib_a-printf.o)
                0x0000000010004a4c                printf
 .text          0x0000000010004a88        0x0 d:/intelfpga_lite/18.0_quartus/nios2eds/bin/gnu/h-x86_64-mingw32/bin/../lib/gcc/nios2-elf/5.3.0/../../../../../H-x86_64-mingw32/nios2-elf/lib/mno-hw-mul\libc.a(lib_a-puts.o)
 .text._puts_r  0x0000000010004a88       0xc0 d:/intelfpga_lite/18.0_quartus/nios2eds/bin/gnu/h-x86_64-mingw32/bin/../lib/gcc/nios2-elf/5.3.0/../../../../../H-x86_64-mingw32/nios2-elf/lib/mno-hw-mul\libc.a(lib_a-puts.o)
                0x0000000010004a88                _puts_r
 .text.puts     0x0000000010004b48       0x14 d:/intelfpga_lite/18.0_quartus/nios2eds/bin/gnu/h-x86_64-mingw32/bin/../lib/gcc/nios2-elf/5.3.0/../../../../../H-x86_64-mingw32/nios2-elf/lib/mno-hw-mul\libc.a(lib_a-puts.o)
                0x0000000010004b48                puts
 .text          0x0000000010004b5c        0x0 d:/intelfpga_lite/18.0_quartus/nios2eds/bin/gnu/h-x86_64-mingw32/bin/../lib/gcc/nios2-elf/5.3.0/../../../../../H-x86_64-mingw32/nios2-elf/lib/mno-hw-mul\libc.a(lib_a-sbrkr.o)
 .text._sbrk_r  0x0000000010004b5c       0x54 d:/intelfpga_lite/18.0_quartus/nios2eds/bin/gnu/h-x86_64-mingw32/bin/../lib/gcc/nios2-elf/5.3.0/../../../../../H-x86_64-mingw32/nios2-elf/lib/mno-hw-mul\libc.a(lib_a-sbrkr.o)
                0x0000000010004b5c                _sbrk_r
 .text          0x0000000010004bb0        0x0 d:/intelfpga_lite/18.0_quartus/nios2eds/bin/gnu/h-x86_64-mingw32/bin/../lib/gcc/nios2-elf/5.3.0/../../../../../H-x86_64-mingw32/nios2-elf/lib/mno-hw-mul\libc.a(lib_a-strlen.o)
 .text.strlen   0x0000000010004bb0       0x98 d:/intelfpga_lite/18.0_quartus/nios2eds/bin/gnu/h-x86_64-mingw32/bin/../lib/gcc/nios2-elf/5.3.0/../../../../../H-x86_64-mingw32/nios2-elf/lib/mno-hw-mul\libc.a(lib_a-strlen.o)
                0x0000000010004bb0                strlen
 .text          0x0000000010004c48        0x0 d:/intelfpga_lite/18.0_quartus/nios2eds/bin/gnu/h-x86_64-mingw32/bin/../lib/gcc/nios2-elf/5.3.0/../../../../../H-x86_64-mingw32/nios2-elf/lib/mno-hw-mul\libc.a(lib_a-vfprintf.o)
 .text.___vfprintf_internal_r
                0x0000000010004c48     0x22dc d:/intelfpga_lite/18.0_quartus/nios2eds/bin/gnu/h-x86_64-mingw32/bin/../lib/gcc/nios2-elf/5.3.0/../../../../../H-x86_64-mingw32/nios2-elf/lib/mno-hw-mul\libc.a(lib_a-vfprintf.o)
                0x0000000010004c48                ___vfprintf_internal_r
 .text.__vfprintf_internal
                0x0000000010006f24       0x1c d:/intelfpga_lite/18.0_quartus/nios2eds/bin/gnu/h-x86_64-mingw32/bin/../lib/gcc/nios2-elf/5.3.0/../../../../../H-x86_64-mingw32/nios2-elf/lib/mno-hw-mul\libc.a(lib_a-vfprintf.o)
                0x0000000010006f24                __vfprintf_internal
 .text.__sbprintf
                0x0000000010006f40       0xbc d:/intelfpga_lite/18.0_quartus/nios2eds/bin/gnu/h-x86_64-mingw32/bin/../lib/gcc/nios2-elf/5.3.0/../../../../../H-x86_64-mingw32/nios2-elf/lib/mno-hw-mul\libc.a(lib_a-vfprintf.o)
 .text          0x0000000010006ffc        0x0 d:/intelfpga_lite/18.0_quartus/nios2eds/bin/gnu/h-x86_64-mingw32/bin/../lib/gcc/nios2-elf/5.3.0/../../../../../H-x86_64-mingw32/nios2-elf/lib/mno-hw-mul\libc.a(lib_a-wsetup.o)
 .text.__swsetup_r
                0x0000000010006ffc      0x154 d:/intelfpga_lite/18.0_quartus/nios2eds/bin/gnu/h-x86_64-mingw32/bin/../lib/gcc/nios2-elf/5.3.0/../../../../../H-x86_64-mingw32/nios2-elf/lib/mno-hw-mul\libc.a(lib_a-wsetup.o)
                0x0000000010006ffc                __swsetup_r
 .text          0x0000000010007150        0x0 d:/intelfpga_lite/18.0_quartus/nios2eds/bin/gnu/h-x86_64-mingw32/bin/../lib/gcc/nios2-elf/5.3.0/../../../../../H-x86_64-mingw32/nios2-elf/lib/mno-hw-mul\libc.a(lib_a-dtoa.o)
 .text.quorem   0x0000000010007150      0x228 d:/intelfpga_lite/18.0_quartus/nios2eds/bin/gnu/h-x86_64-mingw32/bin/../lib/gcc/nios2-elf/5.3.0/../../../../../H-x86_64-mingw32/nios2-elf/lib/mno-hw-mul\libc.a(lib_a-dtoa.o)
 .text._dtoa_r  0x0000000010007378     0x1688 d:/intelfpga_lite/18.0_quartus/nios2eds/bin/gnu/h-x86_64-mingw32/bin/../lib/gcc/nios2-elf/5.3.0/../../../../../H-x86_64-mingw32/nios2-elf/lib/mno-hw-mul\libc.a(lib_a-dtoa.o)
                0x0000000010007378                _dtoa_r
 .text          0x0000000010008a00        0x0 d:/intelfpga_lite/18.0_quartus/nios2eds/bin/gnu/h-x86_64-mingw32/bin/../lib/gcc/nios2-elf/5.3.0/../../../../../H-x86_64-mingw32/nios2-elf/lib/mno-hw-mul\libc.a(lib_a-fflush.o)
 .text.__sflush_r
                0x0000000010008a00      0x21c d:/intelfpga_lite/18.0_quartus/nios2eds/bin/gnu/h-x86_64-mingw32/bin/../lib/gcc/nios2-elf/5.3.0/../../../../../H-x86_64-mingw32/nios2-elf/lib/mno-hw-mul\libc.a(lib_a-fflush.o)
                0x0000000010008a00                __sflush_r
 .text._fflush_r
                0x0000000010008c1c       0x5c d:/intelfpga_lite/18.0_quartus/nios2eds/bin/gnu/h-x86_64-mingw32/bin/../lib/gcc/nios2-elf/5.3.0/../../../../../H-x86_64-mingw32/nios2-elf/lib/mno-hw-mul\libc.a(lib_a-fflush.o)
                0x0000000010008c1c                _fflush_r
 .text.fflush   0x0000000010008c78       0x30 d:/intelfpga_lite/18.0_quartus/nios2eds/bin/gnu/h-x86_64-mingw32/bin/../lib/gcc/nios2-elf/5.3.0/../../../../../H-x86_64-mingw32/nios2-elf/lib/mno-hw-mul\libc.a(lib_a-fflush.o)
                0x0000000010008c78                fflush
 .text          0x0000000010008ca8        0x0 d:/intelfpga_lite/18.0_quartus/nios2eds/bin/gnu/h-x86_64-mingw32/bin/../lib/gcc/nios2-elf/5.3.0/../../../../../H-x86_64-mingw32/nios2-elf/lib/mno-hw-mul\libc.a(lib_a-findfp.o)
 .text.__fp_unlock
                0x0000000010008ca8        0x8 d:/intelfpga_lite/18.0_quartus/nios2eds/bin/gnu/h-x86_64-mingw32/bin/../lib/gcc/nios2-elf/5.3.0/../../../../../H-x86_64-mingw32/nios2-elf/lib/mno-hw-mul\libc.a(lib_a-findfp.o)
 .text._cleanup_r
                0x0000000010008cb0        0xc d:/intelfpga_lite/18.0_quartus/nios2eds/bin/gnu/h-x86_64-mingw32/bin/../lib/gcc/nios2-elf/5.3.0/../../../../../H-x86_64-mingw32/nios2-elf/lib/mno-hw-mul\libc.a(lib_a-findfp.o)
                0x0000000010008cb0                _cleanup_r
 .text.__sinit.part.1
                0x0000000010008cbc      0x19c d:/intelfpga_lite/18.0_quartus/nios2eds/bin/gnu/h-x86_64-mingw32/bin/../lib/gcc/nios2-elf/5.3.0/../../../../../H-x86_64-mingw32/nios2-elf/lib/mno-hw-mul\libc.a(lib_a-findfp.o)
 .text.__fp_lock
                0x0000000010008e58        0x8 d:/intelfpga_lite/18.0_quartus/nios2eds/bin/gnu/h-x86_64-mingw32/bin/../lib/gcc/nios2-elf/5.3.0/../../../../../H-x86_64-mingw32/nios2-elf/lib/mno-hw-mul\libc.a(lib_a-findfp.o)
 .text.__sfmoreglue
                0x0000000010008e60       0x78 d:/intelfpga_lite/18.0_quartus/nios2eds/bin/gnu/h-x86_64-mingw32/bin/../lib/gcc/nios2-elf/5.3.0/../../../../../H-x86_64-mingw32/nios2-elf/lib/mno-hw-mul\libc.a(lib_a-findfp.o)
                0x0000000010008e60                __sfmoreglue
 .text.__sfp    0x0000000010008ed8      0x118 d:/intelfpga_lite/18.0_quartus/nios2eds/bin/gnu/h-x86_64-mingw32/bin/../lib/gcc/nios2-elf/5.3.0/../../../../../H-x86_64-mingw32/nios2-elf/lib/mno-hw-mul\libc.a(lib_a-findfp.o)
                0x0000000010008ed8                __sfp
 .text._cleanup
                0x0000000010008ff0       0x18 d:/intelfpga_lite/18.0_quartus/nios2eds/bin/gnu/h-x86_64-mingw32/bin/../lib/gcc/nios2-elf/5.3.0/../../../../../H-x86_64-mingw32/nios2-elf/lib/mno-hw-mul\libc.a(lib_a-findfp.o)
                0x0000000010008ff0                _cleanup
 .text.__sinit  0x0000000010009008       0x10 d:/intelfpga_lite/18.0_quartus/nios2eds/bin/gnu/h-x86_64-mingw32/bin/../lib/gcc/nios2-elf/5.3.0/../../../../../H-x86_64-mingw32/nios2-elf/lib/mno-hw-mul\libc.a(lib_a-findfp.o)
                0x0000000010009008                __sinit
 .text.__sfp_lock_acquire
                0x0000000010009018        0x4 d:/intelfpga_lite/18.0_quartus/nios2eds/bin/gnu/h-x86_64-mingw32/bin/../lib/gcc/nios2-elf/5.3.0/../../../../../H-x86_64-mingw32/nios2-elf/lib/mno-hw-mul\libc.a(lib_a-findfp.o)
                0x0000000010009018                __sfp_lock_acquire
 .text.__sfp_lock_release
                0x000000001000901c        0x4 d:/intelfpga_lite/18.0_quartus/nios2eds/bin/gnu/h-x86_64-mingw32/bin/../lib/gcc/nios2-elf/5.3.0/../../../../../H-x86_64-mingw32/nios2-elf/lib/mno-hw-mul\libc.a(lib_a-findfp.o)
                0x000000001000901c                __sfp_lock_release
 .text.__sinit_lock_acquire
                0x0000000010009020        0x4 d:/intelfpga_lite/18.0_quartus/nios2eds/bin/gnu/h-x86_64-mingw32/bin/../lib/gcc/nios2-elf/5.3.0/../../../../../H-x86_64-mingw32/nios2-elf/lib/mno-hw-mul\libc.a(lib_a-findfp.o)
                0x0000000010009020                __sinit_lock_acquire
 .text.__sinit_lock_release
                0x0000000010009024        0x4 d:/intelfpga_lite/18.0_quartus/nios2eds/bin/gnu/h-x86_64-mingw32/bin/../lib/gcc/nios2-elf/5.3.0/../../../../../H-x86_64-mingw32/nios2-elf/lib/mno-hw-mul\libc.a(lib_a-findfp.o)
                0x0000000010009024                __sinit_lock_release
 .text.__fp_lock_all
                0x0000000010009028       0x18 d:/intelfpga_lite/18.0_quartus/nios2eds/bin/gnu/h-x86_64-mingw32/bin/../lib/gcc/nios2-elf/5.3.0/../../../../../H-x86_64-mingw32/nios2-elf/lib/mno-hw-mul\libc.a(lib_a-findfp.o)
                0x0000000010009028                __fp_lock_all
 .text.__fp_unlock_all
                0x0000000010009040       0x18 d:/intelfpga_lite/18.0_quartus/nios2eds/bin/gnu/h-x86_64-mingw32/bin/../lib/gcc/nios2-elf/5.3.0/../../../../../H-x86_64-mingw32/nios2-elf/lib/mno-hw-mul\libc.a(lib_a-findfp.o)
                0x0000000010009040                __fp_unlock_all
 .text          0x0000000010009058        0x0 d:/intelfpga_lite/18.0_quartus/nios2eds/bin/gnu/h-x86_64-mingw32/bin/../lib/gcc/nios2-elf/5.3.0/../../../../../H-x86_64-mingw32/nios2-elf/lib/mno-hw-mul\libc.a(lib_a-freer.o)
 .text._malloc_trim_r
                0x0000000010009058      0x124 d:/intelfpga_lite/18.0_quartus/nios2eds/bin/gnu/h-x86_64-mingw32/bin/../lib/gcc/nios2-elf/5.3.0/../../../../../H-x86_64-mingw32/nios2-elf/lib/mno-hw-mul\libc.a(lib_a-freer.o)
                0x0000000010009058                _malloc_trim_r
 .text._free_r  0x000000001000917c      0x310 d:/intelfpga_lite/18.0_quartus/nios2eds/bin/gnu/h-x86_64-mingw32/bin/../lib/gcc/nios2-elf/5.3.0/../../../../../H-x86_64-mingw32/nios2-elf/lib/mno-hw-mul\libc.a(lib_a-freer.o)
                0x000000001000917c                _free_r
 .text          0x000000001000948c        0x0 d:/intelfpga_lite/18.0_quartus/nios2eds/bin/gnu/h-x86_64-mingw32/bin/../lib/gcc/nios2-elf/5.3.0/../../../../../H-x86_64-mingw32/nios2-elf/lib/mno-hw-mul\libc.a(lib_a-fvwrite.o)
 .text.__sfvwrite_r
                0x000000001000948c      0x4c8 d:/intelfpga_lite/18.0_quartus/nios2eds/bin/gnu/h-x86_64-mingw32/bin/../lib/gcc/nios2-elf/5.3.0/../../../../../H-x86_64-mingw32/nios2-elf/lib/mno-hw-mul\libc.a(lib_a-fvwrite.o)
                0x000000001000948c                __sfvwrite_r
 .text          0x0000000010009954        0x0 d:/intelfpga_lite/18.0_quartus/nios2eds/bin/gnu/h-x86_64-mingw32/bin/../lib/gcc/nios2-elf/5.3.0/../../../../../H-x86_64-mingw32/nios2-elf/lib/mno-hw-mul\libc.a(lib_a-fwalk.o)
 .text._fwalk   0x0000000010009954       0xc4 d:/intelfpga_lite/18.0_quartus/nios2eds/bin/gnu/h-x86_64-mingw32/bin/../lib/gcc/nios2-elf/5.3.0/../../../../../H-x86_64-mingw32/nios2-elf/lib/mno-hw-mul\libc.a(lib_a-fwalk.o)
                0x0000000010009954                _fwalk
 .text._fwalk_reent
                0x0000000010009a18       0xc4 d:/intelfpga_lite/18.0_quartus/nios2eds/bin/gnu/h-x86_64-mingw32/bin/../lib/gcc/nios2-elf/5.3.0/../../../../../H-x86_64-mingw32/nios2-elf/lib/mno-hw-mul\libc.a(lib_a-fwalk.o)
                0x0000000010009a18                _fwalk_reent
 .text          0x0000000010009adc        0x0 d:/intelfpga_lite/18.0_quartus/nios2eds/bin/gnu/h-x86_64-mingw32/bin/../lib/gcc/nios2-elf/5.3.0/../../../../../H-x86_64-mingw32/nios2-elf/lib/mno-hw-mul\libc.a(lib_a-impure.o)
 .text          0x0000000010009adc        0x0 d:/intelfpga_lite/18.0_quartus/nios2eds/bin/gnu/h-x86_64-mingw32/bin/../lib/gcc/nios2-elf/5.3.0/../../../../../H-x86_64-mingw32/nios2-elf/lib/mno-hw-mul\libc.a(lib_a-int_errno.o)
 .text          0x0000000010009adc        0x0 d:/intelfpga_lite/18.0_quartus/nios2eds/bin/gnu/h-x86_64-mingw32/bin/../lib/gcc/nios2-elf/5.3.0/../../../../../H-x86_64-mingw32/nios2-elf/lib/mno-hw-mul\libc.a(lib_a-locale.o)
 .text._setlocale_r
                0x0000000010009adc       0x7c d:/intelfpga_lite/18.0_quartus/nios2eds/bin/gnu/h-x86_64-mingw32/bin/../lib/gcc/nios2-elf/5.3.0/../../../../../H-x86_64-mingw32/nios2-elf/lib/mno-hw-mul\libc.a(lib_a-locale.o)
                0x0000000010009adc                _setlocale_r
 .text.__locale_charset
                0x0000000010009b58        0xc d:/intelfpga_lite/18.0_quartus/nios2eds/bin/gnu/h-x86_64-mingw32/bin/../lib/gcc/nios2-elf/5.3.0/../../../../../H-x86_64-mingw32/nios2-elf/lib/mno-hw-mul\libc.a(lib_a-locale.o)
                0x0000000010009b58                __locale_charset
 .text.__locale_mb_cur_max
                0x0000000010009b64       0x10 d:/intelfpga_lite/18.0_quartus/nios2eds/bin/gnu/h-x86_64-mingw32/bin/../lib/gcc/nios2-elf/5.3.0/../../../../../H-x86_64-mingw32/nios2-elf/lib/mno-hw-mul\libc.a(lib_a-locale.o)
                0x0000000010009b64                __locale_mb_cur_max
 .text.__locale_msgcharset
                0x0000000010009b74        0xc d:/intelfpga_lite/18.0_quartus/nios2eds/bin/gnu/h-x86_64-mingw32/bin/../lib/gcc/nios2-elf/5.3.0/../../../../../H-x86_64-mingw32/nios2-elf/lib/mno-hw-mul\libc.a(lib_a-locale.o)
                0x0000000010009b74                __locale_msgcharset
 .text.__locale_cjk_lang
                0x0000000010009b80        0x8 d:/intelfpga_lite/18.0_quartus/nios2eds/bin/gnu/h-x86_64-mingw32/bin/../lib/gcc/nios2-elf/5.3.0/../../../../../H-x86_64-mingw32/nios2-elf/lib/mno-hw-mul\libc.a(lib_a-locale.o)
                0x0000000010009b80                __locale_cjk_lang
 .text._localeconv_r
                0x0000000010009b88        0xc d:/intelfpga_lite/18.0_quartus/nios2eds/bin/gnu/h-x86_64-mingw32/bin/../lib/gcc/nios2-elf/5.3.0/../../../../../H-x86_64-mingw32/nios2-elf/lib/mno-hw-mul\libc.a(lib_a-locale.o)
                0x0000000010009b88                _localeconv_r
 .text.setlocale
                0x0000000010009b94       0x18 d:/intelfpga_lite/18.0_quartus/nios2eds/bin/gnu/h-x86_64-mingw32/bin/../lib/gcc/nios2-elf/5.3.0/../../../../../H-x86_64-mingw32/nios2-elf/lib/mno-hw-mul\libc.a(lib_a-locale.o)
                0x0000000010009b94                setlocale
 .text.localeconv
                0x0000000010009bac        0xc d:/intelfpga_lite/18.0_quartus/nios2eds/bin/gnu/h-x86_64-mingw32/bin/../lib/gcc/nios2-elf/5.3.0/../../../../../H-x86_64-mingw32/nios2-elf/lib/mno-hw-mul\libc.a(lib_a-locale.o)
                0x0000000010009bac                localeconv
 .text          0x0000000010009bb8        0x0 d:/intelfpga_lite/18.0_quartus/nios2eds/bin/gnu/h-x86_64-mingw32/bin/../lib/gcc/nios2-elf/5.3.0/../../../../../H-x86_64-mingw32/nios2-elf/lib/mno-hw-mul\libc.a(lib_a-makebuf.o)
 .text.__smakebuf_r
                0x0000000010009bb8      0x1bc d:/intelfpga_lite/18.0_quartus/nios2eds/bin/gnu/h-x86_64-mingw32/bin/../lib/gcc/nios2-elf/5.3.0/../../../../../H-x86_64-mingw32/nios2-elf/lib/mno-hw-mul\libc.a(lib_a-makebuf.o)
                0x0000000010009bb8                __smakebuf_r
 .text          0x0000000010009d74        0x0 d:/intelfpga_lite/18.0_quartus/nios2eds/bin/gnu/h-x86_64-mingw32/bin/../lib/gcc/nios2-elf/5.3.0/../../../../../H-x86_64-mingw32/nios2-elf/lib/mno-hw-mul\libc.a(lib_a-memchr.o)
 .text.memchr   0x0000000010009d74       0xe4 d:/intelfpga_lite/18.0_quartus/nios2eds/bin/gnu/h-x86_64-mingw32/bin/../lib/gcc/nios2-elf/5.3.0/../../../../../H-x86_64-mingw32/nios2-elf/lib/mno-hw-mul\libc.a(lib_a-memchr.o)
                0x0000000010009d74                memchr
 .text          0x0000000010009e58        0x0 d:/intelfpga_lite/18.0_quartus/nios2eds/bin/gnu/h-x86_64-mingw32/bin/../lib/gcc/nios2-elf/5.3.0/../../../../../H-x86_64-mingw32/nios2-elf/lib/mno-hw-mul\libc.a(lib_a-memcpy.o)
 .text.memcpy   0x0000000010009e58      0x148 d:/intelfpga_lite/18.0_quartus/nios2eds/bin/gnu/h-x86_64-mingw32/bin/../lib/gcc/nios2-elf/5.3.0/../../../../../H-x86_64-mingw32/nios2-elf/lib/mno-hw-mul\libc.a(lib_a-memcpy.o)
                0x0000000010009e58                memcpy
 .text          0x0000000010009fa0        0x0 d:/intelfpga_lite/18.0_quartus/nios2eds/bin/gnu/h-x86_64-mingw32/bin/../lib/gcc/nios2-elf/5.3.0/../../../../../H-x86_64-mingw32/nios2-elf/lib/mno-hw-mul\libc.a(lib_a-memmove.o)
 .text.memmove  0x0000000010009fa0      0x15c d:/intelfpga_lite/18.0_quartus/nios2eds/bin/gnu/h-x86_64-mingw32/bin/../lib/gcc/nios2-elf/5.3.0/../../../../../H-x86_64-mingw32/nios2-elf/lib/mno-hw-mul\libc.a(lib_a-memmove.o)
                0x0000000010009fa0                memmove
 .text          0x000000001000a0fc        0x0 d:/intelfpga_lite/18.0_quartus/nios2eds/bin/gnu/h-x86_64-mingw32/bin/../lib/gcc/nios2-elf/5.3.0/../../../../../H-x86_64-mingw32/nios2-elf/lib/mno-hw-mul\libc.a(lib_a-memset.o)
 .text.memset   0x000000001000a0fc      0x128 d:/intelfpga_lite/18.0_quartus/nios2eds/bin/gnu/h-x86_64-mingw32/bin/../lib/gcc/nios2-elf/5.3.0/../../../../../H-x86_64-mingw32/nios2-elf/lib/mno-hw-mul\libc.a(lib_a-memset.o)
                0x000000001000a0fc                memset
 .text          0x000000001000a224        0x0 d:/intelfpga_lite/18.0_quartus/nios2eds/bin/gnu/h-x86_64-mingw32/bin/../lib/gcc/nios2-elf/5.3.0/../../../../../H-x86_64-mingw32/nios2-elf/lib/mno-hw-mul\libc.a(lib_a-mprec.o)
 .text._Balloc  0x000000001000a224       0xa8 d:/intelfpga_lite/18.0_quartus/nios2eds/bin/gnu/h-x86_64-mingw32/bin/../lib/gcc/nios2-elf/5.3.0/../../../../../H-x86_64-mingw32/nios2-elf/lib/mno-hw-mul\libc.a(lib_a-mprec.o)
                0x000000001000a224                _Balloc
 .text._Bfree   0x000000001000a2cc       0x28 d:/intelfpga_lite/18.0_quartus/nios2eds/bin/gnu/h-x86_64-mingw32/bin/../lib/gcc/nios2-elf/5.3.0/../../../../../H-x86_64-mingw32/nios2-elf/lib/mno-hw-mul\libc.a(lib_a-mprec.o)
                0x000000001000a2cc                _Bfree
 .text.__multadd
                0x000000001000a2f4      0x148 d:/intelfpga_lite/18.0_quartus/nios2eds/bin/gnu/h-x86_64-mingw32/bin/../lib/gcc/nios2-elf/5.3.0/../../../../../H-x86_64-mingw32/nios2-elf/lib/mno-hw-mul\libc.a(lib_a-mprec.o)
                0x000000001000a2f4                __multadd
 .text.__s2b    0x000000001000a43c      0x104 d:/intelfpga_lite/18.0_quartus/nios2eds/bin/gnu/h-x86_64-mingw32/bin/../lib/gcc/nios2-elf/5.3.0/../../../../../H-x86_64-mingw32/nios2-elf/lib/mno-hw-mul\libc.a(lib_a-mprec.o)
                0x000000001000a43c                __s2b
 .text.__hi0bits
                0x000000001000a540       0x68 d:/intelfpga_lite/18.0_quartus/nios2eds/bin/gnu/h-x86_64-mingw32/bin/../lib/gcc/nios2-elf/5.3.0/../../../../../H-x86_64-mingw32/nios2-elf/lib/mno-hw-mul\libc.a(lib_a-mprec.o)
                0x000000001000a540                __hi0bits
 .text.__lo0bits
                0x000000001000a5a8       0xb0 d:/intelfpga_lite/18.0_quartus/nios2eds/bin/gnu/h-x86_64-mingw32/bin/../lib/gcc/nios2-elf/5.3.0/../../../../../H-x86_64-mingw32/nios2-elf/lib/mno-hw-mul\libc.a(lib_a-mprec.o)
                0x000000001000a5a8                __lo0bits
 .text.__i2b    0x000000001000a658       0x3c d:/intelfpga_lite/18.0_quartus/nios2eds/bin/gnu/h-x86_64-mingw32/bin/../lib/gcc/nios2-elf/5.3.0/../../../../../H-x86_64-mingw32/nios2-elf/lib/mno-hw-mul\libc.a(lib_a-mprec.o)
                0x000000001000a658                __i2b
 .text.__multiply
                0x000000001000a694      0x28c d:/intelfpga_lite/18.0_quartus/nios2eds/bin/gnu/h-x86_64-mingw32/bin/../lib/gcc/nios2-elf/5.3.0/../../../../../H-x86_64-mingw32/nios2-elf/lib/mno-hw-mul\libc.a(lib_a-mprec.o)
                0x000000001000a694                __multiply
 .text.__pow5mult
                0x000000001000a920      0x140 d:/intelfpga_lite/18.0_quartus/nios2eds/bin/gnu/h-x86_64-mingw32/bin/../lib/gcc/nios2-elf/5.3.0/../../../../../H-x86_64-mingw32/nios2-elf/lib/mno-hw-mul\libc.a(lib_a-mprec.o)
                0x000000001000a920                __pow5mult
 .text.__lshift
                0x000000001000aa60      0x148 d:/intelfpga_lite/18.0_quartus/nios2eds/bin/gnu/h-x86_64-mingw32/bin/../lib/gcc/nios2-elf/5.3.0/../../../../../H-x86_64-mingw32/nios2-elf/lib/mno-hw-mul\libc.a(lib_a-mprec.o)
                0x000000001000aa60                __lshift
 .text.__mcmp   0x000000001000aba8       0x60 d:/intelfpga_lite/18.0_quartus/nios2eds/bin/gnu/h-x86_64-mingw32/bin/../lib/gcc/nios2-elf/5.3.0/../../../../../H-x86_64-mingw32/nios2-elf/lib/mno-hw-mul\libc.a(lib_a-mprec.o)
                0x000000001000aba8                __mcmp
 .text.__mdiff  0x000000001000ac08      0x1fc d:/intelfpga_lite/18.0_quartus/nios2eds/bin/gnu/h-x86_64-mingw32/bin/../lib/gcc/nios2-elf/5.3.0/../../../../../H-x86_64-mingw32/nios2-elf/lib/mno-hw-mul\libc.a(lib_a-mprec.o)
                0x000000001000ac08                __mdiff
 .text.__ulp    0x000000001000ae04       0x64 d:/intelfpga_lite/18.0_quartus/nios2eds/bin/gnu/h-x86_64-mingw32/bin/../lib/gcc/nios2-elf/5.3.0/../../../../../H-x86_64-mingw32/nios2-elf/lib/mno-hw-mul\libc.a(lib_a-mprec.o)
                0x000000001000ae04                __ulp
 .text.__b2d    0x000000001000ae68      0x10c d:/intelfpga_lite/18.0_quartus/nios2eds/bin/gnu/h-x86_64-mingw32/bin/../lib/gcc/nios2-elf/5.3.0/../../../../../H-x86_64-mingw32/nios2-elf/lib/mno-hw-mul\libc.a(lib_a-mprec.o)
                0x000000001000ae68                __b2d
 .text.__d2b    0x000000001000af74      0x14c d:/intelfpga_lite/18.0_quartus/nios2eds/bin/gnu/h-x86_64-mingw32/bin/../lib/gcc/nios2-elf/5.3.0/../../../../../H-x86_64-mingw32/nios2-elf/lib/mno-hw-mul\libc.a(lib_a-mprec.o)
                0x000000001000af74                __d2b
 .text.__ratio  0x000000001000b0c0       0xa4 d:/intelfpga_lite/18.0_quartus/nios2eds/bin/gnu/h-x86_64-mingw32/bin/../lib/gcc/nios2-elf/5.3.0/../../../../../H-x86_64-mingw32/nios2-elf/lib/mno-hw-mul\libc.a(lib_a-mprec.o)
                0x000000001000b0c0                __ratio
 .text._mprec_log10
                0x000000001000b164       0x74 d:/intelfpga_lite/18.0_quartus/nios2eds/bin/gnu/h-x86_64-mingw32/bin/../lib/gcc/nios2-elf/5.3.0/../../../../../H-x86_64-mingw32/nios2-elf/lib/mno-hw-mul\libc.a(lib_a-mprec.o)
                0x000000001000b164                _mprec_log10
 .text.__copybits
                0x000000001000b1d8       0x78 d:/intelfpga_lite/18.0_quartus/nios2eds/bin/gnu/h-x86_64-mingw32/bin/../lib/gcc/nios2-elf/5.3.0/../../../../../H-x86_64-mingw32/nios2-elf/lib/mno-hw-mul\libc.a(lib_a-mprec.o)
                0x000000001000b1d8                __copybits
 .text.__any_on
                0x000000001000b250       0x8c d:/intelfpga_lite/18.0_quartus/nios2eds/bin/gnu/h-x86_64-mingw32/bin/../lib/gcc/nios2-elf/5.3.0/../../../../../H-x86_64-mingw32/nios2-elf/lib/mno-hw-mul\libc.a(lib_a-mprec.o)
                0x000000001000b250                __any_on
 .text          0x000000001000b2dc        0x0 d:/intelfpga_lite/18.0_quartus/nios2eds/bin/gnu/h-x86_64-mingw32/bin/../lib/gcc/nios2-elf/5.3.0/../../../../../H-x86_64-mingw32/nios2-elf/lib/mno-hw-mul\libc.a(lib_a-reallocr.o)
 .text._realloc_r
                0x000000001000b2dc      0x564 d:/intelfpga_lite/18.0_quartus/nios2eds/bin/gnu/h-x86_64-mingw32/bin/../lib/gcc/nios2-elf/5.3.0/../../../../../H-x86_64-mingw32/nios2-elf/lib/mno-hw-mul\libc.a(lib_a-reallocr.o)
                0x000000001000b2dc                _realloc_r
 .text          0x000000001000b840        0x0 d:/intelfpga_lite/18.0_quartus/nios2eds/bin/gnu/h-x86_64-mingw32/bin/../lib/gcc/nios2-elf/5.3.0/../../../../../H-x86_64-mingw32/nios2-elf/lib/mno-hw-mul\libc.a(lib_a-s_fpclassify.o)
 .text.__fpclassifyd
                0x000000001000b840       0x74 d:/intelfpga_lite/18.0_quartus/nios2eds/bin/gnu/h-x86_64-mingw32/bin/../lib/gcc/nios2-elf/5.3.0/../../../../../H-x86_64-mingw32/nios2-elf/lib/mno-hw-mul\libc.a(lib_a-s_fpclassify.o)
                0x000000001000b840                __fpclassifyd
 .text          0x000000001000b8b4        0x0 d:/intelfpga_lite/18.0_quartus/nios2eds/bin/gnu/h-x86_64-mingw32/bin/../lib/gcc/nios2-elf/5.3.0/../../../../../H-x86_64-mingw32/nios2-elf/lib/mno-hw-mul\libc.a(lib_a-stdio.o)
 .text.__sread  0x000000001000b8b4       0x54 d:/intelfpga_lite/18.0_quartus/nios2eds/bin/gnu/h-x86_64-mingw32/bin/../lib/gcc/nios2-elf/5.3.0/../../../../../H-x86_64-mingw32/nios2-elf/lib/mno-hw-mul\libc.a(lib_a-stdio.o)
                0x000000001000b8b4                __sread
 .text.__seofread
                0x000000001000b908        0x8 d:/intelfpga_lite/18.0_quartus/nios2eds/bin/gnu/h-x86_64-mingw32/bin/../lib/gcc/nios2-elf/5.3.0/../../../../../H-x86_64-mingw32/nios2-elf/lib/mno-hw-mul\libc.a(lib_a-stdio.o)
                0x000000001000b908                __seofread
 .text.__swrite
                0x000000001000b910       0x7c d:/intelfpga_lite/18.0_quartus/nios2eds/bin/gnu/h-x86_64-mingw32/bin/../lib/gcc/nios2-elf/5.3.0/../../../../../H-x86_64-mingw32/nios2-elf/lib/mno-hw-mul\libc.a(lib_a-stdio.o)
                0x000000001000b910                __swrite
 .text.__sseek  0x000000001000b98c       0x5c d:/intelfpga_lite/18.0_quartus/nios2eds/bin/gnu/h-x86_64-mingw32/bin/../lib/gcc/nios2-elf/5.3.0/../../../../../H-x86_64-mingw32/nios2-elf/lib/mno-hw-mul\libc.a(lib_a-stdio.o)
                0x000000001000b98c                __sseek
 .text.__sclose
                0x000000001000b9e8        0x8 d:/intelfpga_lite/18.0_quartus/nios2eds/bin/gnu/h-x86_64-mingw32/bin/../lib/gcc/nios2-elf/5.3.0/../../../../../H-x86_64-mingw32/nios2-elf/lib/mno-hw-mul\libc.a(lib_a-stdio.o)
                0x000000001000b9e8                __sclose
 .text          0x000000001000b9f0        0x0 d:/intelfpga_lite/18.0_quartus/nios2eds/bin/gnu/h-x86_64-mingw32/bin/../lib/gcc/nios2-elf/5.3.0/../../../../../H-x86_64-mingw32/nios2-elf/lib/mno-hw-mul\libc.a(lib_a-strcmp.o)
 .text.strcmp   0x000000001000b9f0       0xdc d:/intelfpga_lite/18.0_quartus/nios2eds/bin/gnu/h-x86_64-mingw32/bin/../lib/gcc/nios2-elf/5.3.0/../../../../../H-x86_64-mingw32/nios2-elf/lib/mno-hw-mul\libc.a(lib_a-strcmp.o)
                0x000000001000b9f0                strcmp
 .text          0x000000001000bacc        0x0 d:/intelfpga_lite/18.0_quartus/nios2eds/bin/gnu/h-x86_64-mingw32/bin/../lib/gcc/nios2-elf/5.3.0/../../../../../H-x86_64-mingw32/nios2-elf/lib/mno-hw-mul\libc.a(lib_a-vfiprintf.o)
 .text.__sprint_r.part.0
                0x000000001000bacc       0xfc d:/intelfpga_lite/18.0_quartus/nios2eds/bin/gnu/h-x86_64-mingw32/bin/../lib/gcc/nios2-elf/5.3.0/../../../../../H-x86_64-mingw32/nios2-elf/lib/mno-hw-mul\libc.a(lib_a-vfiprintf.o)
 .text.__sprint_r
                0x000000001000bbc8       0x18 d:/intelfpga_lite/18.0_quartus/nios2eds/bin/gnu/h-x86_64-mingw32/bin/../lib/gcc/nios2-elf/5.3.0/../../../../../H-x86_64-mingw32/nios2-elf/lib/mno-hw-mul\libc.a(lib_a-vfiprintf.o)
                0x000000001000bbc8                __sprint_r
 .text.___vfiprintf_internal_r
                0x000000001000bbe0     0x150c d:/intelfpga_lite/18.0_quartus/nios2eds/bin/gnu/h-x86_64-mingw32/bin/../lib/gcc/nios2-elf/5.3.0/../../../../../H-x86_64-mingw32/nios2-elf/lib/mno-hw-mul\libc.a(lib_a-vfiprintf.o)
                0x000000001000bbe0                ___vfiprintf_internal_r
 .text.__vfiprintf_internal
                0x000000001000d0ec       0x1c d:/intelfpga_lite/18.0_quartus/nios2eds/bin/gnu/h-x86_64-mingw32/bin/../lib/gcc/nios2-elf/5.3.0/../../../../../H-x86_64-mingw32/nios2-elf/lib/mno-hw-mul\libc.a(lib_a-vfiprintf.o)
                0x000000001000d0ec                __vfiprintf_internal
 .text.__sbprintf
                0x000000001000d108       0xbc d:/intelfpga_lite/18.0_quartus/nios2eds/bin/gnu/h-x86_64-mingw32/bin/../lib/gcc/nios2-elf/5.3.0/../../../../../H-x86_64-mingw32/nios2-elf/lib/mno-hw-mul\libc.a(lib_a-vfiprintf.o)
 .text          0x000000001000d1c4        0x0 d:/intelfpga_lite/18.0_quartus/nios2eds/bin/gnu/h-x86_64-mingw32/bin/../lib/gcc/nios2-elf/5.3.0/../../../../../H-x86_64-mingw32/nios2-elf/lib/mno-hw-mul\libc.a(lib_a-writer.o)
 .text._write_r
                0x000000001000d1c4       0x60 d:/intelfpga_lite/18.0_quartus/nios2eds/bin/gnu/h-x86_64-mingw32/bin/../lib/gcc/nios2-elf/5.3.0/../../../../../H-x86_64-mingw32/nios2-elf/lib/mno-hw-mul\libc.a(lib_a-writer.o)
                0x000000001000d1c4                _write_r
 .text          0x000000001000d224        0x0 d:/intelfpga_lite/18.0_quartus/nios2eds/bin/gnu/h-x86_64-mingw32/bin/../lib/gcc/nios2-elf/5.3.0/../../../../../H-x86_64-mingw32/nios2-elf/lib/mno-hw-mul\libc.a(closer.o)
 .text._close_r
                0x000000001000d224       0x54 d:/intelfpga_lite/18.0_quartus/nios2eds/bin/gnu/h-x86_64-mingw32/bin/../lib/gcc/nios2-elf/5.3.0/../../../../../H-x86_64-mingw32/nios2-elf/lib/mno-hw-mul\libc.a(closer.o)
                0x000000001000d224                _close_r
 .text          0x000000001000d278        0x0 d:/intelfpga_lite/18.0_quartus/nios2eds/bin/gnu/h-x86_64-mingw32/bin/../lib/gcc/nios2-elf/5.3.0/../../../../../H-x86_64-mingw32/nios2-elf/lib/mno-hw-mul\libc.a(lib_a-callocr.o)
 .text._calloc_r
                0x000000001000d278       0xdc d:/intelfpga_lite/18.0_quartus/nios2eds/bin/gnu/h-x86_64-mingw32/bin/../lib/gcc/nios2-elf/5.3.0/../../../../../H-x86_64-mingw32/nios2-elf/lib/mno-hw-mul\libc.a(lib_a-callocr.o)
                0x000000001000d278                _calloc_r
 .text          0x000000001000d354        0x0 d:/intelfpga_lite/18.0_quartus/nios2eds/bin/gnu/h-x86_64-mingw32/bin/../lib/gcc/nios2-elf/5.3.0/../../../../../H-x86_64-mingw32/nios2-elf/lib/mno-hw-mul\libc.a(lib_a-fclose.o)
 .text._fclose_r
                0x000000001000d354       0xf0 d:/intelfpga_lite/18.0_quartus/nios2eds/bin/gnu/h-x86_64-mingw32/bin/../lib/gcc/nios2-elf/5.3.0/../../../../../H-x86_64-mingw32/nios2-elf/lib/mno-hw-mul\libc.a(lib_a-fclose.o)
                0x000000001000d354                _fclose_r
 .text.fclose   0x000000001000d444       0x14 d:/intelfpga_lite/18.0_quartus/nios2eds/bin/gnu/h-x86_64-mingw32/bin/../lib/gcc/nios2-elf/5.3.0/../../../../../H-x86_64-mingw32/nios2-elf/lib/mno-hw-mul\libc.a(lib_a-fclose.o)
                0x000000001000d444                fclose
 .text          0x000000001000d458        0x0 d:/intelfpga_lite/18.0_quartus/nios2eds/bin/gnu/h-x86_64-mingw32/bin/../lib/gcc/nios2-elf/5.3.0/../../../../../H-x86_64-mingw32/nios2-elf/lib/mno-hw-mul\libc.a(lib_a-fputwc.o)
 .text.__fputwc
                0x000000001000d458      0x164 d:/intelfpga_lite/18.0_quartus/nios2eds/bin/gnu/h-x86_64-mingw32/bin/../lib/gcc/nios2-elf/5.3.0/../../../../../H-x86_64-mingw32/nios2-elf/lib/mno-hw-mul\libc.a(lib_a-fputwc.o)
                0x000000001000d458                __fputwc
 .text._fputwc_r
                0x000000001000d5bc       0x24 d:/intelfpga_lite/18.0_quartus/nios2eds/bin/gnu/h-x86_64-mingw32/bin/../lib/gcc/nios2-elf/5.3.0/../../../../../H-x86_64-mingw32/nios2-elf/lib/mno-hw-mul\libc.a(lib_a-fputwc.o)
                0x000000001000d5bc                _fputwc_r
 .text.fputwc   0x000000001000d5e0       0x80 d:/intelfpga_lite/18.0_quartus/nios2eds/bin/gnu/h-x86_64-mingw32/bin/../lib/gcc/nios2-elf/5.3.0/../../../../../H-x86_64-mingw32/nios2-elf/lib/mno-hw-mul\libc.a(lib_a-fputwc.o)
                0x000000001000d5e0                fputwc
 .text          0x000000001000d660        0x0 d:/intelfpga_lite/18.0_quartus/nios2eds/bin/gnu/h-x86_64-mingw32/bin/../lib/gcc/nios2-elf/5.3.0/../../../../../H-x86_64-mingw32/nios2-elf/lib/mno-hw-mul\libc.a(lib_a-fstatr.o)
 .text._fstat_r
                0x000000001000d660       0x5c d:/intelfpga_lite/18.0_quartus/nios2eds/bin/gnu/h-x86_64-mingw32/bin/../lib/gcc/nios2-elf/5.3.0/../../../../../H-x86_64-mingw32/nios2-elf/lib/mno-hw-mul\libc.a(lib_a-fstatr.o)
                0x000000001000d660                _fstat_r
 .text          0x000000001000d6bc        0x0 d:/intelfpga_lite/18.0_quartus/nios2eds/bin/gnu/h-x86_64-mingw32/bin/../lib/gcc/nios2-elf/5.3.0/../../../../../H-x86_64-mingw32/nios2-elf/lib/mno-hw-mul\libc.a(lib_a-isattyr.o)
 .text._isatty_r
                0x000000001000d6bc       0x54 d:/intelfpga_lite/18.0_quartus/nios2eds/bin/gnu/h-x86_64-mingw32/bin/../lib/gcc/nios2-elf/5.3.0/../../../../../H-x86_64-mingw32/nios2-elf/lib/mno-hw-mul\libc.a(lib_a-isattyr.o)
                0x000000001000d6bc                _isatty_r
 .text          0x000000001000d710        0x0 d:/intelfpga_lite/18.0_quartus/nios2eds/bin/gnu/h-x86_64-mingw32/bin/../lib/gcc/nios2-elf/5.3.0/../../../../../H-x86_64-mingw32/nios2-elf/lib/mno-hw-mul\libc.a(lib_a-lseekr.o)
 .text._lseek_r
                0x000000001000d710       0x60 d:/intelfpga_lite/18.0_quartus/nios2eds/bin/gnu/h-x86_64-mingw32/bin/../lib/gcc/nios2-elf/5.3.0/../../../../../H-x86_64-mingw32/nios2-elf/lib/mno-hw-mul\libc.a(lib_a-lseekr.o)
                0x000000001000d710                _lseek_r
 .text          0x000000001000d770        0x0 d:/intelfpga_lite/18.0_quartus/nios2eds/bin/gnu/h-x86_64-mingw32/bin/../lib/gcc/nios2-elf/5.3.0/../../../../../H-x86_64-mingw32/nios2-elf/lib/mno-hw-mul\libc.a(lib_a-readr.o)
 .text._read_r  0x000000001000d770       0x60 d:/intelfpga_lite/18.0_quartus/nios2eds/bin/gnu/h-x86_64-mingw32/bin/../lib/gcc/nios2-elf/5.3.0/../../../../../H-x86_64-mingw32/nios2-elf/lib/mno-hw-mul\libc.a(lib_a-readr.o)
                0x000000001000d770                _read_r
 .text          0x000000001000d7d0        0x0 d:/intelfpga_lite/18.0_quartus/nios2eds/bin/gnu/h-x86_64-mingw32/bin/../lib/gcc/nios2-elf/5.3.0/../../../../../H-x86_64-mingw32/nios2-elf/lib/mno-hw-mul\libc.a(lib_a-wbuf.o)
 .text.__swbuf_r
                0x000000001000d7d0      0x140 d:/intelfpga_lite/18.0_quartus/nios2eds/bin/gnu/h-x86_64-mingw32/bin/../lib/gcc/nios2-elf/5.3.0/../../../../../H-x86_64-mingw32/nios2-elf/lib/mno-hw-mul\libc.a(lib_a-wbuf.o)
                0x000000001000d7d0                __swbuf_r
 .text.__swbuf  0x000000001000d910       0x18 d:/intelfpga_lite/18.0_quartus/nios2eds/bin/gnu/h-x86_64-mingw32/bin/../lib/gcc/nios2-elf/5.3.0/../../../../../H-x86_64-mingw32/nios2-elf/lib/mno-hw-mul\libc.a(lib_a-wbuf.o)
                0x000000001000d910                __swbuf
 .text          0x000000001000d928        0x0 d:/intelfpga_lite/18.0_quartus/nios2eds/bin/gnu/h-x86_64-mingw32/bin/../lib/gcc/nios2-elf/5.3.0/../../../../../H-x86_64-mingw32/nios2-elf/lib/mno-hw-mul\libc.a(lib_a-wcrtomb.o)
 .text._wcrtomb_r
                0x000000001000d928       0x9c d:/intelfpga_lite/18.0_quartus/nios2eds/bin/gnu/h-x86_64-mingw32/bin/../lib/gcc/nios2-elf/5.3.0/../../../../../H-x86_64-mingw32/nios2-elf/lib/mno-hw-mul\libc.a(lib_a-wcrtomb.o)
                0x000000001000d928                _wcrtomb_r
 .text.wcrtomb  0x000000001000d9c4       0xc0 d:/intelfpga_lite/18.0_quartus/nios2eds/bin/gnu/h-x86_64-mingw32/bin/../lib/gcc/nios2-elf/5.3.0/../../../../../H-x86_64-mingw32/nios2-elf/lib/mno-hw-mul\libc.a(lib_a-wcrtomb.o)
                0x000000001000d9c4                wcrtomb
 .text          0x000000001000da84        0x0 d:/intelfpga_lite/18.0_quartus/nios2eds/bin/gnu/h-x86_64-mingw32/bin/../lib/gcc/nios2-elf/5.3.0/../../../../../H-x86_64-mingw32/nios2-elf/lib/mno-hw-mul\libc.a(lib_a-wctomb_r.o)
 .text.__ascii_wctomb
                0x000000001000da84       0x30 d:/intelfpga_lite/18.0_quartus/nios2eds/bin/gnu/h-x86_64-mingw32/bin/../lib/gcc/nios2-elf/5.3.0/../../../../../H-x86_64-mingw32/nios2-elf/lib/mno-hw-mul\libc.a(lib_a-wctomb_r.o)
                0x000000001000da84                __ascii_wctomb
 .text._wctomb_r
                0x000000001000dab4       0x5c d:/intelfpga_lite/18.0_quartus/nios2eds/bin/gnu/h-x86_64-mingw32/bin/../lib/gcc/nios2-elf/5.3.0/../../../../../H-x86_64-mingw32/nios2-elf/lib/mno-hw-mul\libc.a(lib_a-wctomb_r.o)
                0x000000001000dab4                _wctomb_r
 .text          0x000000001000db10      0x5fc d:/intelfpga_lite/18.0_quartus/nios2eds/bin/gnu/h-x86_64-mingw32/bin/../lib/gcc/nios2-elf/5.3.0/mno-hw-mul\libgcc.a(_udivdi3.o)
                0x000000001000db10                __udivdi3
 .text          0x000000001000e10c      0x5c4 d:/intelfpga_lite/18.0_quartus/nios2eds/bin/gnu/h-x86_64-mingw32/bin/../lib/gcc/nios2-elf/5.3.0/mno-hw-mul\libgcc.a(_umoddi3.o)
                0x000000001000e10c                __umoddi3
 .text          0x000000001000e6d0      0x1b4 d:/intelfpga_lite/18.0_quartus/nios2eds/bin/gnu/h-x86_64-mingw32/bin/../lib/gcc/nios2-elf/5.3.0/mno-hw-mul\libgcc.a(lib2-divmod.o)
                0x000000001000e6d0                __divsi3
                0x000000001000e754                __modsi3
                0x000000001000e7c8                __udivsi3
                0x000000001000e82c                __umodsi3
 .text          0x000000001000e884       0x28 d:/intelfpga_lite/18.0_quartus/nios2eds/bin/gnu/h-x86_64-mingw32/bin/../lib/gcc/nios2-elf/5.3.0/mno-hw-mul\libgcc.a(lib2-mul.o)
                0x000000001000e884                __mulsi3
 .text          0x000000001000e8ac      0x8ac d:/intelfpga_lite/18.0_quartus/nios2eds/bin/gnu/h-x86_64-mingw32/bin/../lib/gcc/nios2-elf/5.3.0/mno-hw-mul\libgcc.a(adddf3.o)
                0x000000001000e8ac                __adddf3
 .text          0x000000001000f158      0x9d0 d:/intelfpga_lite/18.0_quartus/nios2eds/bin/gnu/h-x86_64-mingw32/bin/../lib/gcc/nios2-elf/5.3.0/mno-hw-mul\libgcc.a(divdf3.o)
                0x000000001000f158                __divdf3
 .text          0x000000001000fb28       0x88 d:/intelfpga_lite/18.0_quartus/nios2eds/bin/gnu/h-x86_64-mingw32/bin/../lib/gcc/nios2-elf/5.3.0/mno-hw-mul\libgcc.a(eqdf2.o)
                0x000000001000fb28                __nedf2
                0x000000001000fb28                __eqdf2
 .text          0x000000001000fbb0       0xdc d:/intelfpga_lite/18.0_quartus/nios2eds/bin/gnu/h-x86_64-mingw32/bin/../lib/gcc/nios2-elf/5.3.0/mno-hw-mul\libgcc.a(gedf2.o)
                0x000000001000fbb0                __gedf2
                0x000000001000fbb0                __gtdf2
 .text          0x000000001000fc8c       0xf4 d:/intelfpga_lite/18.0_quartus/nios2eds/bin/gnu/h-x86_64-mingw32/bin/../lib/gcc/nios2-elf/5.3.0/mno-hw-mul\libgcc.a(ledf2.o)
                0x000000001000fc8c                __ledf2
                0x000000001000fc8c                __ltdf2
 .text          0x000000001000fd80      0x86c d:/intelfpga_lite/18.0_quartus/nios2eds/bin/gnu/h-x86_64-mingw32/bin/../lib/gcc/nios2-elf/5.3.0/mno-hw-mul\libgcc.a(muldf3.o)
                0x000000001000fd80                __muldf3
 .text          0x00000000100105ec      0x8fc d:/intelfpga_lite/18.0_quartus/nios2eds/bin/gnu/h-x86_64-mingw32/bin/../lib/gcc/nios2-elf/5.3.0/mno-hw-mul\libgcc.a(subdf3.o)
                0x00000000100105ec                __subdf3
 .text          0x0000000010010ee8       0x80 d:/intelfpga_lite/18.0_quartus/nios2eds/bin/gnu/h-x86_64-mingw32/bin/../lib/gcc/nios2-elf/5.3.0/mno-hw-mul\libgcc.a(fixdfsi.o)
                0x0000000010010ee8                __fixdfsi
 .text          0x0000000010010f68       0xdc d:/intelfpga_lite/18.0_quartus/nios2eds/bin/gnu/h-x86_64-mingw32/bin/../lib/gcc/nios2-elf/5.3.0/mno-hw-mul\libgcc.a(floatsidf.o)
                0x0000000010010f68                __floatsidf
 .text          0x0000000010011044       0xa8 d:/intelfpga_lite/18.0_quartus/nios2eds/bin/gnu/h-x86_64-mingw32/bin/../lib/gcc/nios2-elf/5.3.0/mno-hw-mul\libgcc.a(floatunsidf.o)
                0x0000000010011044                __floatunsidf
 .text          0x00000000100110ec        0x0 d:/intelfpga_lite/18.0_quartus/nios2eds/bin/gnu/h-x86_64-mingw32/bin/../lib/gcc/nios2-elf/5.3.0/mno-hw-mul\libgcc.a(_clz.o)
 .text          0x00000000100110ec       0x64 d:/intelfpga_lite/18.0_quartus/nios2eds/bin/gnu/h-x86_64-mingw32/bin/../lib/gcc/nios2-elf/5.3.0/mno-hw-mul\libgcc.a(_clzsi2.o)
                0x00000000100110ec                __clzsi2
 .text          0x0000000010011150      0x114 ../final_project_1_bsp/\libhal_bsp.a(alt_close.o)
                0x000000001001118c                close
 .text          0x0000000010011264       0x2c ../final_project_1_bsp/\libhal_bsp.a(alt_dev.o)
 .text          0x0000000010011290        0x0 ../final_project_1_bsp/\libhal_bsp.a(alt_errno.o)
 .text          0x0000000010011290       0xf4 ../final_project_1_bsp/\libhal_bsp.a(alt_fstat.o)
                0x00000000100112cc                fstat
 .text          0x0000000010011384       0xe8 ../final_project_1_bsp/\libhal_bsp.a(alt_isatty.o)
                0x00000000100113c0                isatty
 .text          0x000000001001146c       0xec ../final_project_1_bsp/\libhal_bsp.a(alt_load.o)
                0x00000000100114d4                alt_load
 .text          0x0000000010011558      0x118 ../final_project_1_bsp/\libhal_bsp.a(alt_lseek.o)
                0x0000000010011594                lseek
 .text          0x0000000010011670       0x7c ../final_project_1_bsp/\libhal_bsp.a(alt_main.o)
                0x0000000010011670                alt_main
 .text          0x00000000100116ec       0x48 ../final_project_1_bsp/\libhal_bsp.a(alt_malloc_lock.o)
                0x00000000100116ec                __malloc_lock
                0x0000000010011710                __malloc_unlock
 .text          0x0000000010011734      0x140 ../final_project_1_bsp/\libhal_bsp.a(alt_read.o)
                0x0000000010011770                read
 .text          0x0000000010011874       0x84 ../final_project_1_bsp/\libhal_bsp.a(alt_release_fd.o)
                0x0000000010011874                alt_release_fd
 .text          0x00000000100118f8       0xb0 ../final_project_1_bsp/\libhal_bsp.a(alt_sbrk.o)
                0x00000000100118f8                sbrk
 .text          0x00000000100119a8       0x30 ../final_project_1_bsp/\libhal_bsp.a(alt_usleep.o)
                0x00000000100119a8                usleep
 .text          0x00000000100119d8      0x13c ../final_project_1_bsp/\libhal_bsp.a(alt_write.o)
                0x0000000010011a14                write
 .text          0x0000000010011b14       0xb8 ../final_project_1_bsp/\libhal_bsp.a(alt_sys_init.o)
                0x0000000010011b48                alt_irq_init
                0x0000000010011b80                alt_sys_init
 .text          0x0000000010011bcc      0x164 ../final_project_1_bsp/\libhal_bsp.a(altera_avalon_jtag_uart_fd.o)
                0x0000000010011bcc                altera_avalon_jtag_uart_read_fd
                0x0000000010011c2c                altera_avalon_jtag_uart_write_fd
                0x0000000010011c8c                altera_avalon_jtag_uart_close_fd
                0x0000000010011cdc                altera_avalon_jtag_uart_ioctl_fd
 .text          0x0000000010011d30      0x3d4 ../final_project_1_bsp/\libhal_bsp.a(altera_avalon_jtag_uart_init.o)
                0x0000000010011d30                altera_avalon_jtag_uart_init
                0x000000001001209c                altera_avalon_jtag_uart_close
 .text          0x0000000010012104       0xf0 ../final_project_1_bsp/\libhal_bsp.a(altera_avalon_jtag_uart_ioctl.o)
                0x0000000010012104                altera_avalon_jtag_uart_ioctl
 .text          0x00000000100121f4      0x21c ../final_project_1_bsp/\libhal_bsp.a(altera_avalon_jtag_uart_read.o)
                0x00000000100121f4                altera_avalon_jtag_uart_read
 .text          0x0000000010012410      0x224 ../final_project_1_bsp/\libhal_bsp.a(altera_avalon_jtag_uart_write.o)
                0x0000000010012410                altera_avalon_jtag_uart_write
 .text          0x0000000010012634      0x12c ../final_project_1_bsp/\libhal_bsp.a(alt_alarm_start.o)
                0x0000000010012634                alt_alarm_start
 .text          0x0000000010012760      0x158 ../final_project_1_bsp/\libhal_bsp.a(alt_busy_sleep.o)
                0x0000000010012760                alt_busy_sleep
 .text          0x00000000100128b8       0x20 ../final_project_1_bsp/\libhal_bsp.a(alt_dcache_flush_all.o)
                0x00000000100128b8                alt_dcache_flush_all
 .text          0x00000000100128d8       0xe0 ../final_project_1_bsp/\libhal_bsp.a(alt_dev_llist_insert.o)
                0x0000000010012914                alt_dev_llist_insert
 .text          0x00000000100129b8       0x60 ../final_project_1_bsp/\libhal_bsp.a(alt_do_ctors.o)
                0x00000000100129b8                _do_ctors
 .text          0x0000000010012a18       0x60 ../final_project_1_bsp/\libhal_bsp.a(alt_do_dtors.o)
                0x0000000010012a18                _do_dtors
 .text          0x0000000010012a78       0x20 ../final_project_1_bsp/\libhal_bsp.a(alt_icache_flush_all.o)
                0x0000000010012a78                alt_icache_flush_all
 .text          0x0000000010012a98      0x1b0 ../final_project_1_bsp/\libhal_bsp.a(alt_iic.o)
                0x0000000010012a98                alt_ic_isr_register
                0x0000000010012ae8                alt_ic_irq_enable
                0x0000000010012b70                alt_ic_irq_disable
                0x0000000010012bfc                alt_ic_irq_enabled
 .text          0x0000000010012c48       0xf0 ../final_project_1_bsp/\libhal_bsp.a(alt_iic_isr_register.o)
                0x0000000010012c48                alt_iic_isr_register
 .text          0x0000000010012d38      0x160 ../final_project_1_bsp/\libhal_bsp.a(alt_io_redirect.o)
                0x0000000010012e1c                alt_io_redirect
 .text          0x0000000010012e98        0x0 ../final_project_1_bsp/\libhal_bsp.a(alt_irq_entry.o)
 .text          0x0000000010012e98        0x0 ../final_project_1_bsp/\libhal_bsp.a(alt_irq_handler.o)
 .text          0x0000000010012e98        0x0 ../final_project_1_bsp/\libhal_bsp.a(alt_irq_vars.o)
 .text          0x0000000010012e98      0x284 ../final_project_1_bsp/\libhal_bsp.a(alt_open.o)
                0x0000000010012fc0                open
 .text          0x000000001001311c      0x1a4 ../final_project_1_bsp/\libhal_bsp.a(alt_tick.o)
                0x000000001001311c                alt_alarm_stop
                0x00000000100131b8                alt_tick
 .text          0x00000000100132c0       0x24 ../final_project_1_bsp/\libhal_bsp.a(altera_nios2_gen2_irq.o)
                0x00000000100132c0                altera_nios2_gen2_irq_init
 .text          0x00000000100132e4        0x0 ../final_project_1_bsp/\libhal_bsp.a(alt_exception_entry.o)
 .text          0x00000000100132e4       0x90 ../final_project_1_bsp/\libhal_bsp.a(alt_find_dev.o)
                0x00000000100132e4                alt_find_dev
 .text          0x0000000010013374      0x108 ../final_project_1_bsp/\libhal_bsp.a(alt_find_file.o)
                0x0000000010013374                alt_find_file
 .text          0x000000001001347c       0xc4 ../final_project_1_bsp/\libhal_bsp.a(alt_get_fd.o)
                0x000000001001347c                alt_get_fd
 .text          0x0000000010013540       0x9c ../final_project_1_bsp/\libhal_bsp.a(alt_instruction_exception_entry.o)
                0x0000000010013540                alt_exception_cause_generated_bad_addr
 .text          0x00000000100135dc        0x0 d:/intelfpga_lite/18.0_quartus/nios2eds/bin/gnu/h-x86_64-mingw32/bin/../lib/gcc/nios2-elf/5.3.0/../../../../../H-x86_64-mingw32/nios2-elf/lib/mno-hw-mul\libc.a(lib_a-atexit.o)
 .text.atexit   0x00000000100135dc       0x14 d:/intelfpga_lite/18.0_quartus/nios2eds/bin/gnu/h-x86_64-mingw32/bin/../lib/gcc/nios2-elf/5.3.0/../../../../../H-x86_64-mingw32/nios2-elf/lib/mno-hw-mul\libc.a(lib_a-atexit.o)
                0x00000000100135dc                atexit
 .text          0x00000000100135f0        0x0 d:/intelfpga_lite/18.0_quartus/nios2eds/bin/gnu/h-x86_64-mingw32/bin/../lib/gcc/nios2-elf/5.3.0/../../../../../H-x86_64-mingw32/nios2-elf/lib/mno-hw-mul\libc.a(lib_a-exit.o)
 .text.exit     0x00000000100135f0       0x38 d:/intelfpga_lite/18.0_quartus/nios2eds/bin/gnu/h-x86_64-mingw32/bin/../lib/gcc/nios2-elf/5.3.0/../../../../../H-x86_64-mingw32/nios2-elf/lib/mno-hw-mul\libc.a(lib_a-exit.o)
                0x00000000100135f0                exit
 .text          0x0000000010013628        0x0 d:/intelfpga_lite/18.0_quartus/nios2eds/bin/gnu/h-x86_64-mingw32/bin/../lib/gcc/nios2-elf/5.3.0/../../../../../H-x86_64-mingw32/nios2-elf/lib/mno-hw-mul\libc.a(lib_a-memcmp.o)
 .text.memcmp   0x0000000010013628       0x7c d:/intelfpga_lite/18.0_quartus/nios2eds/bin/gnu/h-x86_64-mingw32/bin/../lib/gcc/nios2-elf/5.3.0/../../../../../H-x86_64-mingw32/nios2-elf/lib/mno-hw-mul\libc.a(lib_a-memcmp.o)
                0x0000000010013628                memcmp
 .text          0x00000000100136a4        0x0 d:/intelfpga_lite/18.0_quartus/nios2eds/bin/gnu/h-x86_64-mingw32/bin/../lib/gcc/nios2-elf/5.3.0/../../../../../H-x86_64-mingw32/nios2-elf/lib/mno-hw-mul\libc.a(lib_a-__atexit.o)
 .text.__register_exitproc
                0x00000000100136a4      0x118 d:/intelfpga_lite/18.0_quartus/nios2eds/bin/gnu/h-x86_64-mingw32/bin/../lib/gcc/nios2-elf/5.3.0/../../../../../H-x86_64-mingw32/nios2-elf/lib/mno-hw-mul\libc.a(lib_a-__atexit.o)
                0x00000000100136a4                __register_exitproc
 .text          0x00000000100137bc        0x0 d:/intelfpga_lite/18.0_quartus/nios2eds/bin/gnu/h-x86_64-mingw32/bin/../lib/gcc/nios2-elf/5.3.0/../../../../../H-x86_64-mingw32/nios2-elf/lib/mno-hw-mul\libc.a(lib_a-__call_atexit.o)
 .text.__call_exitprocs
                0x00000000100137bc      0x180 d:/intelfpga_lite/18.0_quartus/nios2eds/bin/gnu/h-x86_64-mingw32/bin/../lib/gcc/nios2-elf/5.3.0/../../../../../H-x86_64-mingw32/nios2-elf/lib/mno-hw-mul\libc.a(lib_a-__call_atexit.o)
                0x00000000100137bc                __call_exitprocs
 .text          0x000000001001393c       0x34 ../final_project_1_bsp/\libhal_bsp.a(alt_exit.o)
                0x000000001001393c                _exit
 *(.gnu.warning.*)
 *(.fini)
                [!provide]                        PROVIDE (__etext, ABSOLUTE (.))
                [!provide]                        PROVIDE (_etext, ABSOLUTE (.))
                [!provide]                        PROVIDE (etext, ABSOLUTE (.))
 *(.eh_frame_hdr)
                0x0000000010013970                . = ALIGN (0x4)
                [!provide]                        PROVIDE (__preinit_array_start, ABSOLUTE (.))
 *(.preinit_array)
                [!provide]                        PROVIDE (__preinit_array_end, ABSOLUTE (.))
                [!provide]                        PROVIDE (__init_array_start, ABSOLUTE (.))
 *(.init_array)
                [!provide]                        PROVIDE (__init_array_end, ABSOLUTE (.))
                [!provide]                        PROVIDE (__fini_array_start, ABSOLUTE (.))
 *(.fini_array)
                [!provide]                        PROVIDE (__fini_array_end, ABSOLUTE (.))
 *(.eh_frame)
 *(.gcc_except_table .gcc_except_table.*)
 *(.dynamic)
                0x0000000010013970                PROVIDE (__CTOR_LIST__, ABSOLUTE (.))
 *(.ctors)
 *(SORT(.ctors.*))
                0x0000000010013970                PROVIDE (__CTOR_END__, ABSOLUTE (.))
                0x0000000010013970                PROVIDE (__DTOR_LIST__, ABSOLUTE (.))
 *(.dtors)
 *(SORT(.dtors.*))
                0x0000000010013970                PROVIDE (__DTOR_END__, ABSOLUTE (.))
 *(.jcr)
                0x0000000010013970                . = ALIGN (0x4)

.rodata         0x0000000010013970      0xa90
                0x0000000010013970                PROVIDE (__ram_rodata_start, ABSOLUTE (.))
                0x0000000010013970                . = ALIGN (0x4)
 *(.rodata .rodata.* .gnu.linkonce.r.*)
 .rodata        0x0000000010013970       0x39 obj/default/enemy.o
 *fill*         0x00000000100139a9        0x3 
 .rodata        0x00000000100139ac      0x6e0 obj/default/main.o
 .rodata        0x000000001001408c       0x71 obj/default/usb.o
 *fill*         0x00000000100140fd        0x3 
 .rodata.str1.4
                0x0000000010014100        0x2 d:/intelfpga_lite/18.0_quartus/nios2eds/bin/gnu/h-x86_64-mingw32/bin/../lib/gcc/nios2-elf/5.3.0/../../../../../H-x86_64-mingw32/nios2-elf/lib/mno-hw-mul\libc.a(lib_a-puts.o)
 *fill*         0x0000000010014102        0x2 
 .rodata.str1.4
                0x0000000010014104       0x42 d:/intelfpga_lite/18.0_quartus/nios2eds/bin/gnu/h-x86_64-mingw32/bin/../lib/gcc/nios2-elf/5.3.0/../../../../../H-x86_64-mingw32/nios2-elf/lib/mno-hw-mul\libc.a(lib_a-vfprintf.o)
 .rodata.zeroes.4404
                0x0000000010014146       0x10 d:/intelfpga_lite/18.0_quartus/nios2eds/bin/gnu/h-x86_64-mingw32/bin/../lib/gcc/nios2-elf/5.3.0/../../../../../H-x86_64-mingw32/nios2-elf/lib/mno-hw-mul\libc.a(lib_a-vfprintf.o)
 .rodata.blanks.4403
                0x0000000010014156       0x10 d:/intelfpga_lite/18.0_quartus/nios2eds/bin/gnu/h-x86_64-mingw32/bin/../lib/gcc/nios2-elf/5.3.0/../../../../../H-x86_64-mingw32/nios2-elf/lib/mno-hw-mul\libc.a(lib_a-vfprintf.o)
 *fill*         0x0000000010014166        0x2 
 .rodata.str1.4
                0x0000000010014168       0x10 d:/intelfpga_lite/18.0_quartus/nios2eds/bin/gnu/h-x86_64-mingw32/bin/../lib/gcc/nios2-elf/5.3.0/../../../../../H-x86_64-mingw32/nios2-elf/lib/mno-hw-mul\libc.a(lib_a-dtoa.o)
                                         0x12 (size before relaxing)
 .rodata.str1.4
                0x0000000010014178        0x2 d:/intelfpga_lite/18.0_quartus/nios2eds/bin/gnu/h-x86_64-mingw32/bin/../lib/gcc/nios2-elf/5.3.0/../../../../../H-x86_64-mingw32/nios2-elf/lib/mno-hw-mul\libc.a(lib_a-impure.o)
 *fill*         0x000000001001417a        0x2 
 .rodata.str1.4
                0x000000001001417c        0xc d:/intelfpga_lite/18.0_quartus/nios2eds/bin/gnu/h-x86_64-mingw32/bin/../lib/gcc/nios2-elf/5.3.0/../../../../../H-x86_64-mingw32/nios2-elf/lib/mno-hw-mul\libc.a(lib_a-locale.o)
                                         0x12 (size before relaxing)
 .rodata.p05.2768
                0x0000000010014188        0xc d:/intelfpga_lite/18.0_quartus/nios2eds/bin/gnu/h-x86_64-mingw32/bin/../lib/gcc/nios2-elf/5.3.0/../../../../../H-x86_64-mingw32/nios2-elf/lib/mno-hw-mul\libc.a(lib_a-mprec.o)
 .rodata.__mprec_tinytens
                0x0000000010014194       0x28 d:/intelfpga_lite/18.0_quartus/nios2eds/bin/gnu/h-x86_64-mingw32/bin/../lib/gcc/nios2-elf/5.3.0/../../../../../H-x86_64-mingw32/nios2-elf/lib/mno-hw-mul\libc.a(lib_a-mprec.o)
                0x0000000010014194                __mprec_tinytens
 .rodata.__mprec_bigtens
                0x00000000100141bc       0x28 d:/intelfpga_lite/18.0_quartus/nios2eds/bin/gnu/h-x86_64-mingw32/bin/../lib/gcc/nios2-elf/5.3.0/../../../../../H-x86_64-mingw32/nios2-elf/lib/mno-hw-mul\libc.a(lib_a-mprec.o)
                0x00000000100141bc                __mprec_bigtens
 .rodata.__mprec_tens
                0x00000000100141e4       0xc8 d:/intelfpga_lite/18.0_quartus/nios2eds/bin/gnu/h-x86_64-mingw32/bin/../lib/gcc/nios2-elf/5.3.0/../../../../../H-x86_64-mingw32/nios2-elf/lib/mno-hw-mul\libc.a(lib_a-mprec.o)
                0x00000000100141e4                __mprec_tens
 .rodata.str1.4
                0x00000000100142ac       0x2f d:/intelfpga_lite/18.0_quartus/nios2eds/bin/gnu/h-x86_64-mingw32/bin/../lib/gcc/nios2-elf/5.3.0/../../../../../H-x86_64-mingw32/nios2-elf/lib/mno-hw-mul\libc.a(lib_a-vfiprintf.o)
 .rodata.zeroes.4349
                0x00000000100142ac       0x10 d:/intelfpga_lite/18.0_quartus/nios2eds/bin/gnu/h-x86_64-mingw32/bin/../lib/gcc/nios2-elf/5.3.0/../../../../../H-x86_64-mingw32/nios2-elf/lib/mno-hw-mul\libc.a(lib_a-vfiprintf.o)
 .rodata.blanks.4348
                0x00000000100142bc       0x10 d:/intelfpga_lite/18.0_quartus/nios2eds/bin/gnu/h-x86_64-mingw32/bin/../lib/gcc/nios2-elf/5.3.0/../../../../../H-x86_64-mingw32/nios2-elf/lib/mno-hw-mul\libc.a(lib_a-vfiprintf.o)
 .rodata        0x00000000100142cc      0x100 d:/intelfpga_lite/18.0_quartus/nios2eds/bin/gnu/h-x86_64-mingw32/bin/../lib/gcc/nios2-elf/5.3.0/mno-hw-mul\libgcc.a(_clz.o)
                0x00000000100142cc                __clz_tab
 .rodata        0x00000000100143cc        0xa ../final_project_1_bsp/\libhal_bsp.a(alt_dev.o)
 *fill*         0x00000000100143d6        0x2 
 .rodata        0x00000000100143d8       0x11 ../final_project_1_bsp/\libhal_bsp.a(alt_main.o)
 *fill*         0x00000000100143e9        0x3 
 .rodata        0x00000000100143ec       0x11 ../final_project_1_bsp/\libhal_bsp.a(alt_sys_init.o)
 *(.rodata1)
                0x0000000010014400                . = ALIGN (0x4)
 *fill*         0x00000000100143fd        0x3 
                0x0000000010014400                PROVIDE (__ram_rodata_end, ABSOLUTE (.))
                0x0000000010013970                PROVIDE (__flash_rodata_start, LOADADDR (.rodata))

.rwdata         0x0000000010014400     0x1af4 load address 0x0000000010015ef4
                0x0000000010014400                PROVIDE (__ram_rwdata_start, ABSOLUTE (.))
                0x0000000010014400                . = ALIGN (0x4)
 *(.got.plt)
 *(.got)
 *(.data1)
 *(.data .data.* .gnu.linkonce.d.*)
 .data          0x0000000010014400        0x0 ../final_project_1_bsp//obj/HAL/src/crt0.o
 .data          0x0000000010014400        0x0 obj/default/ball_attack.o
 .data          0x0000000010014400        0x0 obj/default/character.o
 .data          0x0000000010014400        0x0 obj/default/enemy.o
 .data          0x0000000010014400        0x0 obj/default/game.o
 .data          0x0000000010014400        0x0 obj/default/io_handler.o
 .data          0x0000000010014400        0x0 obj/default/life_bar.o
 .data          0x0000000010014400        0x0 obj/default/main.o
 .data          0x0000000010014400        0x0 obj/default/text_mode_vga_color.o
 .data          0x0000000010014400        0x0 obj/default/usb.o
 .data          0x0000000010014400        0x0 d:/intelfpga_lite/18.0_quartus/nios2eds/bin/gnu/h-x86_64-mingw32/bin/../lib/gcc/nios2-elf/5.3.0/../../../../../H-x86_64-mingw32/nios2-elf/lib/mno-hw-mul\libc.a(lib_a-malloc.o)
 .data          0x0000000010014400        0x0 d:/intelfpga_lite/18.0_quartus/nios2eds/bin/gnu/h-x86_64-mingw32/bin/../lib/gcc/nios2-elf/5.3.0/../../../../../H-x86_64-mingw32/nios2-elf/lib/mno-hw-mul\libc.a(lib_a-mallocr.o)
 .data.__malloc_av_
                0x0000000010014400      0x408 d:/intelfpga_lite/18.0_quartus/nios2eds/bin/gnu/h-x86_64-mingw32/bin/../lib/gcc/nios2-elf/5.3.0/../../../../../H-x86_64-mingw32/nios2-elf/lib/mno-hw-mul\libc.a(lib_a-mallocr.o)
                0x0000000010014400                __malloc_av_
 .data          0x0000000010014808        0x0 d:/intelfpga_lite/18.0_quartus/nios2eds/bin/gnu/h-x86_64-mingw32/bin/../lib/gcc/nios2-elf/5.3.0/../../../../../H-x86_64-mingw32/nios2-elf/lib/mno-hw-mul\libc.a(lib_a-printf.o)
 .data          0x0000000010014808        0x0 d:/intelfpga_lite/18.0_quartus/nios2eds/bin/gnu/h-x86_64-mingw32/bin/../lib/gcc/nios2-elf/5.3.0/../../../../../H-x86_64-mingw32/nios2-elf/lib/mno-hw-mul\libc.a(lib_a-puts.o)
 .data          0x0000000010014808        0x0 d:/intelfpga_lite/18.0_quartus/nios2eds/bin/gnu/h-x86_64-mingw32/bin/../lib/gcc/nios2-elf/5.3.0/../../../../../H-x86_64-mingw32/nios2-elf/lib/mno-hw-mul\libc.a(lib_a-sbrkr.o)
 .data          0x0000000010014808        0x0 d:/intelfpga_lite/18.0_quartus/nios2eds/bin/gnu/h-x86_64-mingw32/bin/../lib/gcc/nios2-elf/5.3.0/../../../../../H-x86_64-mingw32/nios2-elf/lib/mno-hw-mul\libc.a(lib_a-strlen.o)
 .data          0x0000000010014808        0x0 d:/intelfpga_lite/18.0_quartus/nios2eds/bin/gnu/h-x86_64-mingw32/bin/../lib/gcc/nios2-elf/5.3.0/../../../../../H-x86_64-mingw32/nios2-elf/lib/mno-hw-mul\libc.a(lib_a-vfprintf.o)
 .data          0x0000000010014808        0x0 d:/intelfpga_lite/18.0_quartus/nios2eds/bin/gnu/h-x86_64-mingw32/bin/../lib/gcc/nios2-elf/5.3.0/../../../../../H-x86_64-mingw32/nios2-elf/lib/mno-hw-mul\libc.a(lib_a-wsetup.o)
 .data          0x0000000010014808        0x0 d:/intelfpga_lite/18.0_quartus/nios2eds/bin/gnu/h-x86_64-mingw32/bin/../lib/gcc/nios2-elf/5.3.0/../../../../../H-x86_64-mingw32/nios2-elf/lib/mno-hw-mul\libc.a(lib_a-dtoa.o)
 .data          0x0000000010014808        0x0 d:/intelfpga_lite/18.0_quartus/nios2eds/bin/gnu/h-x86_64-mingw32/bin/../lib/gcc/nios2-elf/5.3.0/../../../../../H-x86_64-mingw32/nios2-elf/lib/mno-hw-mul\libc.a(lib_a-fflush.o)
 .data          0x0000000010014808        0x0 d:/intelfpga_lite/18.0_quartus/nios2eds/bin/gnu/h-x86_64-mingw32/bin/../lib/gcc/nios2-elf/5.3.0/../../../../../H-x86_64-mingw32/nios2-elf/lib/mno-hw-mul\libc.a(lib_a-findfp.o)
 .data          0x0000000010014808        0x0 d:/intelfpga_lite/18.0_quartus/nios2eds/bin/gnu/h-x86_64-mingw32/bin/../lib/gcc/nios2-elf/5.3.0/../../../../../H-x86_64-mingw32/nios2-elf/lib/mno-hw-mul\libc.a(lib_a-freer.o)
 .data          0x0000000010014808        0x0 d:/intelfpga_lite/18.0_quartus/nios2eds/bin/gnu/h-x86_64-mingw32/bin/../lib/gcc/nios2-elf/5.3.0/../../../../../H-x86_64-mingw32/nios2-elf/lib/mno-hw-mul\libc.a(lib_a-fvwrite.o)
 .data          0x0000000010014808        0x0 d:/intelfpga_lite/18.0_quartus/nios2eds/bin/gnu/h-x86_64-mingw32/bin/../lib/gcc/nios2-elf/5.3.0/../../../../../H-x86_64-mingw32/nios2-elf/lib/mno-hw-mul\libc.a(lib_a-fwalk.o)
 .data          0x0000000010014808        0x0 d:/intelfpga_lite/18.0_quartus/nios2eds/bin/gnu/h-x86_64-mingw32/bin/../lib/gcc/nios2-elf/5.3.0/../../../../../H-x86_64-mingw32/nios2-elf/lib/mno-hw-mul\libc.a(lib_a-impure.o)
 .data.impure_data
                0x0000000010014808      0x424 d:/intelfpga_lite/18.0_quartus/nios2eds/bin/gnu/h-x86_64-mingw32/bin/../lib/gcc/nios2-elf/5.3.0/../../../../../H-x86_64-mingw32/nios2-elf/lib/mno-hw-mul\libc.a(lib_a-impure.o)
 .data          0x0000000010014c2c        0x0 d:/intelfpga_lite/18.0_quartus/nios2eds/bin/gnu/h-x86_64-mingw32/bin/../lib/gcc/nios2-elf/5.3.0/../../../../../H-x86_64-mingw32/nios2-elf/lib/mno-hw-mul\libc.a(lib_a-int_errno.o)
 .data          0x0000000010014c2c        0x0 d:/intelfpga_lite/18.0_quartus/nios2eds/bin/gnu/h-x86_64-mingw32/bin/../lib/gcc/nios2-elf/5.3.0/../../../../../H-x86_64-mingw32/nios2-elf/lib/mno-hw-mul\libc.a(lib_a-locale.o)
 .data.lc_message_charset
                0x0000000010014c2c       0x20 d:/intelfpga_lite/18.0_quartus/nios2eds/bin/gnu/h-x86_64-mingw32/bin/../lib/gcc/nios2-elf/5.3.0/../../../../../H-x86_64-mingw32/nios2-elf/lib/mno-hw-mul\libc.a(lib_a-locale.o)
 .data.lc_ctype_charset
                0x0000000010014c4c       0x20 d:/intelfpga_lite/18.0_quartus/nios2eds/bin/gnu/h-x86_64-mingw32/bin/../lib/gcc/nios2-elf/5.3.0/../../../../../H-x86_64-mingw32/nios2-elf/lib/mno-hw-mul\libc.a(lib_a-locale.o)
 .data.lconv    0x0000000010014c6c       0x38 d:/intelfpga_lite/18.0_quartus/nios2eds/bin/gnu/h-x86_64-mingw32/bin/../lib/gcc/nios2-elf/5.3.0/../../../../../H-x86_64-mingw32/nios2-elf/lib/mno-hw-mul\libc.a(lib_a-locale.o)
 .data          0x0000000010014ca4        0x0 d:/intelfpga_lite/18.0_quartus/nios2eds/bin/gnu/h-x86_64-mingw32/bin/../lib/gcc/nios2-elf/5.3.0/../../../../../H-x86_64-mingw32/nios2-elf/lib/mno-hw-mul\libc.a(lib_a-makebuf.o)
 .data          0x0000000010014ca4        0x0 d:/intelfpga_lite/18.0_quartus/nios2eds/bin/gnu/h-x86_64-mingw32/bin/../lib/gcc/nios2-elf/5.3.0/../../../../../H-x86_64-mingw32/nios2-elf/lib/mno-hw-mul\libc.a(lib_a-memchr.o)
 .data          0x0000000010014ca4        0x0 d:/intelfpga_lite/18.0_quartus/nios2eds/bin/gnu/h-x86_64-mingw32/bin/../lib/gcc/nios2-elf/5.3.0/../../../../../H-x86_64-mingw32/nios2-elf/lib/mno-hw-mul\libc.a(lib_a-memcpy.o)
 .data          0x0000000010014ca4        0x0 d:/intelfpga_lite/18.0_quartus/nios2eds/bin/gnu/h-x86_64-mingw32/bin/../lib/gcc/nios2-elf/5.3.0/../../../../../H-x86_64-mingw32/nios2-elf/lib/mno-hw-mul\libc.a(lib_a-memmove.o)
 .data          0x0000000010014ca4        0x0 d:/intelfpga_lite/18.0_quartus/nios2eds/bin/gnu/h-x86_64-mingw32/bin/../lib/gcc/nios2-elf/5.3.0/../../../../../H-x86_64-mingw32/nios2-elf/lib/mno-hw-mul\libc.a(lib_a-memset.o)
 .data          0x0000000010014ca4        0x0 d:/intelfpga_lite/18.0_quartus/nios2eds/bin/gnu/h-x86_64-mingw32/bin/../lib/gcc/nios2-elf/5.3.0/../../../../../H-x86_64-mingw32/nios2-elf/lib/mno-hw-mul\libc.a(lib_a-mprec.o)
 .data          0x0000000010014ca4        0x0 d:/intelfpga_lite/18.0_quartus/nios2eds/bin/gnu/h-x86_64-mingw32/bin/../lib/gcc/nios2-elf/5.3.0/../../../../../H-x86_64-mingw32/nios2-elf/lib/mno-hw-mul\libc.a(lib_a-reallocr.o)
 .data          0x0000000010014ca4        0x0 d:/intelfpga_lite/18.0_quartus/nios2eds/bin/gnu/h-x86_64-mingw32/bin/../lib/gcc/nios2-elf/5.3.0/../../../../../H-x86_64-mingw32/nios2-elf/lib/mno-hw-mul\libc.a(lib_a-s_fpclassify.o)
 .data          0x0000000010014ca4        0x0 d:/intelfpga_lite/18.0_quartus/nios2eds/bin/gnu/h-x86_64-mingw32/bin/../lib/gcc/nios2-elf/5.3.0/../../../../../H-x86_64-mingw32/nios2-elf/lib/mno-hw-mul\libc.a(lib_a-stdio.o)
 .data          0x0000000010014ca4        0x0 d:/intelfpga_lite/18.0_quartus/nios2eds/bin/gnu/h-x86_64-mingw32/bin/../lib/gcc/nios2-elf/5.3.0/../../../../../H-x86_64-mingw32/nios2-elf/lib/mno-hw-mul\libc.a(lib_a-strcmp.o)
 .data          0x0000000010014ca4        0x0 d:/intelfpga_lite/18.0_quartus/nios2eds/bin/gnu/h-x86_64-mingw32/bin/../lib/gcc/nios2-elf/5.3.0/../../../../../H-x86_64-mingw32/nios2-elf/lib/mno-hw-mul\libc.a(lib_a-vfiprintf.o)
 .data          0x0000000010014ca4        0x0 d:/intelfpga_lite/18.0_quartus/nios2eds/bin/gnu/h-x86_64-mingw32/bin/../lib/gcc/nios2-elf/5.3.0/../../../../../H-x86_64-mingw32/nios2-elf/lib/mno-hw-mul\libc.a(lib_a-writer.o)
 .data          0x0000000010014ca4        0x0 d:/intelfpga_lite/18.0_quartus/nios2eds/bin/gnu/h-x86_64-mingw32/bin/../lib/gcc/nios2-elf/5.3.0/../../../../../H-x86_64-mingw32/nios2-elf/lib/mno-hw-mul\libc.a(closer.o)
 .data          0x0000000010014ca4        0x0 d:/intelfpga_lite/18.0_quartus/nios2eds/bin/gnu/h-x86_64-mingw32/bin/../lib/gcc/nios2-elf/5.3.0/../../../../../H-x86_64-mingw32/nios2-elf/lib/mno-hw-mul\libc.a(lib_a-callocr.o)
 .data          0x0000000010014ca4        0x0 d:/intelfpga_lite/18.0_quartus/nios2eds/bin/gnu/h-x86_64-mingw32/bin/../lib/gcc/nios2-elf/5.3.0/../../../../../H-x86_64-mingw32/nios2-elf/lib/mno-hw-mul\libc.a(lib_a-fclose.o)
 .data          0x0000000010014ca4        0x0 d:/intelfpga_lite/18.0_quartus/nios2eds/bin/gnu/h-x86_64-mingw32/bin/../lib/gcc/nios2-elf/5.3.0/../../../../../H-x86_64-mingw32/nios2-elf/lib/mno-hw-mul\libc.a(lib_a-fputwc.o)
 .data          0x0000000010014ca4        0x0 d:/intelfpga_lite/18.0_quartus/nios2eds/bin/gnu/h-x86_64-mingw32/bin/../lib/gcc/nios2-elf/5.3.0/../../../../../H-x86_64-mingw32/nios2-elf/lib/mno-hw-mul\libc.a(lib_a-fstatr.o)
 .data          0x0000000010014ca4        0x0 d:/intelfpga_lite/18.0_quartus/nios2eds/bin/gnu/h-x86_64-mingw32/bin/../lib/gcc/nios2-elf/5.3.0/../../../../../H-x86_64-mingw32/nios2-elf/lib/mno-hw-mul\libc.a(lib_a-isattyr.o)
 .data          0x0000000010014ca4        0x0 d:/intelfpga_lite/18.0_quartus/nios2eds/bin/gnu/h-x86_64-mingw32/bin/../lib/gcc/nios2-elf/5.3.0/../../../../../H-x86_64-mingw32/nios2-elf/lib/mno-hw-mul\libc.a(lib_a-lseekr.o)
 .data          0x0000000010014ca4        0x0 d:/intelfpga_lite/18.0_quartus/nios2eds/bin/gnu/h-x86_64-mingw32/bin/../lib/gcc/nios2-elf/5.3.0/../../../../../H-x86_64-mingw32/nios2-elf/lib/mno-hw-mul\libc.a(lib_a-readr.o)
 .data          0x0000000010014ca4        0x0 d:/intelfpga_lite/18.0_quartus/nios2eds/bin/gnu/h-x86_64-mingw32/bin/../lib/gcc/nios2-elf/5.3.0/../../../../../H-x86_64-mingw32/nios2-elf/lib/mno-hw-mul\libc.a(lib_a-wbuf.o)
 .data          0x0000000010014ca4        0x0 d:/intelfpga_lite/18.0_quartus/nios2eds/bin/gnu/h-x86_64-mingw32/bin/../lib/gcc/nios2-elf/5.3.0/../../../../../H-x86_64-mingw32/nios2-elf/lib/mno-hw-mul\libc.a(lib_a-wcrtomb.o)
 .data          0x0000000010014ca4        0x0 d:/intelfpga_lite/18.0_quartus/nios2eds/bin/gnu/h-x86_64-mingw32/bin/../lib/gcc/nios2-elf/5.3.0/../../../../../H-x86_64-mingw32/nios2-elf/lib/mno-hw-mul\libc.a(lib_a-wctomb_r.o)
 .data          0x0000000010014ca4        0x0 d:/intelfpga_lite/18.0_quartus/nios2eds/bin/gnu/h-x86_64-mingw32/bin/../lib/gcc/nios2-elf/5.3.0/mno-hw-mul\libgcc.a(_udivdi3.o)
 .data          0x0000000010014ca4        0x0 d:/intelfpga_lite/18.0_quartus/nios2eds/bin/gnu/h-x86_64-mingw32/bin/../lib/gcc/nios2-elf/5.3.0/mno-hw-mul\libgcc.a(_umoddi3.o)
 .data          0x0000000010014ca4        0x0 d:/intelfpga_lite/18.0_quartus/nios2eds/bin/gnu/h-x86_64-mingw32/bin/../lib/gcc/nios2-elf/5.3.0/mno-hw-mul\libgcc.a(lib2-divmod.o)
 .data          0x0000000010014ca4        0x0 d:/intelfpga_lite/18.0_quartus/nios2eds/bin/gnu/h-x86_64-mingw32/bin/../lib/gcc/nios2-elf/5.3.0/mno-hw-mul\libgcc.a(lib2-mul.o)
 .data          0x0000000010014ca4        0x0 d:/intelfpga_lite/18.0_quartus/nios2eds/bin/gnu/h-x86_64-mingw32/bin/../lib/gcc/nios2-elf/5.3.0/mno-hw-mul\libgcc.a(adddf3.o)
 .data          0x0000000010014ca4        0x0 d:/intelfpga_lite/18.0_quartus/nios2eds/bin/gnu/h-x86_64-mingw32/bin/../lib/gcc/nios2-elf/5.3.0/mno-hw-mul\libgcc.a(divdf3.o)
 .data          0x0000000010014ca4        0x0 d:/intelfpga_lite/18.0_quartus/nios2eds/bin/gnu/h-x86_64-mingw32/bin/../lib/gcc/nios2-elf/5.3.0/mno-hw-mul\libgcc.a(eqdf2.o)
 .data          0x0000000010014ca4        0x0 d:/intelfpga_lite/18.0_quartus/nios2eds/bin/gnu/h-x86_64-mingw32/bin/../lib/gcc/nios2-elf/5.3.0/mno-hw-mul\libgcc.a(gedf2.o)
 .data          0x0000000010014ca4        0x0 d:/intelfpga_lite/18.0_quartus/nios2eds/bin/gnu/h-x86_64-mingw32/bin/../lib/gcc/nios2-elf/5.3.0/mno-hw-mul\libgcc.a(ledf2.o)
 .data          0x0000000010014ca4        0x0 d:/intelfpga_lite/18.0_quartus/nios2eds/bin/gnu/h-x86_64-mingw32/bin/../lib/gcc/nios2-elf/5.3.0/mno-hw-mul\libgcc.a(muldf3.o)
 .data          0x0000000010014ca4        0x0 d:/intelfpga_lite/18.0_quartus/nios2eds/bin/gnu/h-x86_64-mingw32/bin/../lib/gcc/nios2-elf/5.3.0/mno-hw-mul\libgcc.a(subdf3.o)
 .data          0x0000000010014ca4        0x0 d:/intelfpga_lite/18.0_quartus/nios2eds/bin/gnu/h-x86_64-mingw32/bin/../lib/gcc/nios2-elf/5.3.0/mno-hw-mul\libgcc.a(fixdfsi.o)
 .data          0x0000000010014ca4        0x0 d:/intelfpga_lite/18.0_quartus/nios2eds/bin/gnu/h-x86_64-mingw32/bin/../lib/gcc/nios2-elf/5.3.0/mno-hw-mul\libgcc.a(floatsidf.o)
 .data          0x0000000010014ca4        0x0 d:/intelfpga_lite/18.0_quartus/nios2eds/bin/gnu/h-x86_64-mingw32/bin/../lib/gcc/nios2-elf/5.3.0/mno-hw-mul\libgcc.a(floatunsidf.o)
 .data          0x0000000010014ca4        0x0 d:/intelfpga_lite/18.0_quartus/nios2eds/bin/gnu/h-x86_64-mingw32/bin/../lib/gcc/nios2-elf/5.3.0/mno-hw-mul\libgcc.a(_clz.o)
 .data          0x0000000010014ca4        0x0 d:/intelfpga_lite/18.0_quartus/nios2eds/bin/gnu/h-x86_64-mingw32/bin/../lib/gcc/nios2-elf/5.3.0/mno-hw-mul\libgcc.a(_clzsi2.o)
 .data          0x0000000010014ca4        0x0 ../final_project_1_bsp/\libhal_bsp.a(alt_close.o)
 .data          0x0000000010014ca4      0x1a8 ../final_project_1_bsp/\libhal_bsp.a(alt_dev.o)
                0x0000000010014ca4                alt_dev_null
                0x0000000010014ccc                alt_fd_list
 .data          0x0000000010014e4c        0x0 ../final_project_1_bsp/\libhal_bsp.a(alt_errno.o)
 .data          0x0000000010014e4c        0x0 ../final_project_1_bsp/\libhal_bsp.a(alt_fstat.o)
 .data          0x0000000010014e4c        0x0 ../final_project_1_bsp/\libhal_bsp.a(alt_isatty.o)
 .data          0x0000000010014e4c        0x0 ../final_project_1_bsp/\libhal_bsp.a(alt_load.o)
 .data          0x0000000010014e4c        0x0 ../final_project_1_bsp/\libhal_bsp.a(alt_lseek.o)
 .data          0x0000000010014e4c        0x0 ../final_project_1_bsp/\libhal_bsp.a(alt_main.o)
 .data          0x0000000010014e4c        0x0 ../final_project_1_bsp/\libhal_bsp.a(alt_malloc_lock.o)
 .data          0x0000000010014e4c        0x0 ../final_project_1_bsp/\libhal_bsp.a(alt_read.o)
 .data          0x0000000010014e4c        0x0 ../final_project_1_bsp/\libhal_bsp.a(alt_release_fd.o)
 .data          0x0000000010014e4c        0x0 ../final_project_1_bsp/\libhal_bsp.a(alt_sbrk.o)
 .data          0x0000000010014e4c        0x0 ../final_project_1_bsp/\libhal_bsp.a(alt_usleep.o)
 .data          0x0000000010014e4c        0x0 ../final_project_1_bsp/\libhal_bsp.a(alt_write.o)
 .data          0x0000000010014e4c     0x1060 ../final_project_1_bsp/\libhal_bsp.a(alt_sys_init.o)
 .data          0x0000000010015eac        0x0 ../final_project_1_bsp/\libhal_bsp.a(altera_avalon_jtag_uart_fd.o)
 .data          0x0000000010015eac        0x0 ../final_project_1_bsp/\libhal_bsp.a(altera_avalon_jtag_uart_init.o)
 .data          0x0000000010015eac        0x0 ../final_project_1_bsp/\libhal_bsp.a(altera_avalon_jtag_uart_ioctl.o)
 .data          0x0000000010015eac        0x0 ../final_project_1_bsp/\libhal_bsp.a(altera_avalon_jtag_uart_read.o)
 .data          0x0000000010015eac        0x0 ../final_project_1_bsp/\libhal_bsp.a(altera_avalon_jtag_uart_write.o)
 .data          0x0000000010015eac        0x0 ../final_project_1_bsp/\libhal_bsp.a(alt_alarm_start.o)
 .data          0x0000000010015eac        0x0 ../final_project_1_bsp/\libhal_bsp.a(alt_busy_sleep.o)
 .data          0x0000000010015eac        0x0 ../final_project_1_bsp/\libhal_bsp.a(alt_dcache_flush_all.o)
 .data          0x0000000010015eac        0x0 ../final_project_1_bsp/\libhal_bsp.a(alt_dev_llist_insert.o)
 .data          0x0000000010015eac        0x0 ../final_project_1_bsp/\libhal_bsp.a(alt_do_ctors.o)
 .data          0x0000000010015eac        0x0 ../final_project_1_bsp/\libhal_bsp.a(alt_do_dtors.o)
 .data          0x0000000010015eac        0x0 ../final_project_1_bsp/\libhal_bsp.a(alt_icache_flush_all.o)
 .data          0x0000000010015eac        0x0 ../final_project_1_bsp/\libhal_bsp.a(alt_iic.o)
 .data          0x0000000010015eac        0x0 ../final_project_1_bsp/\libhal_bsp.a(alt_iic_isr_register.o)
 .data          0x0000000010015eac        0x0 ../final_project_1_bsp/\libhal_bsp.a(alt_io_redirect.o)
 .data          0x0000000010015eac        0x0 ../final_project_1_bsp/\libhal_bsp.a(alt_irq_entry.o)
 .data          0x0000000010015eac        0x0 ../final_project_1_bsp/\libhal_bsp.a(alt_irq_handler.o)
 .data          0x0000000010015eac        0x0 ../final_project_1_bsp/\libhal_bsp.a(alt_irq_vars.o)
 .data          0x0000000010015eac        0x0 ../final_project_1_bsp/\libhal_bsp.a(alt_open.o)
 .data          0x0000000010015eac        0x0 ../final_project_1_bsp/\libhal_bsp.a(alt_tick.o)
 .data          0x0000000010015eac        0x0 ../final_project_1_bsp/\libhal_bsp.a(altera_nios2_gen2_irq.o)
 .data          0x0000000010015eac        0x0 ../final_project_1_bsp/\libhal_bsp.a(alt_exception_entry.o)
 .data          0x0000000010015eac        0x0 ../final_project_1_bsp/\libhal_bsp.a(alt_find_dev.o)
 .data          0x0000000010015eac        0x0 ../final_project_1_bsp/\libhal_bsp.a(alt_find_file.o)
 .data          0x0000000010015eac        0x0 ../final_project_1_bsp/\libhal_bsp.a(alt_get_fd.o)
 .data          0x0000000010015eac        0x0 ../final_project_1_bsp/\libhal_bsp.a(alt_instruction_exception_entry.o)
 .data          0x0000000010015eac        0x0 d:/intelfpga_lite/18.0_quartus/nios2eds/bin/gnu/h-x86_64-mingw32/bin/../lib/gcc/nios2-elf/5.3.0/../../../../../H-x86_64-mingw32/nios2-elf/lib/mno-hw-mul\libc.a(lib_a-atexit.o)
 .data          0x0000000010015eac        0x0 d:/intelfpga_lite/18.0_quartus/nios2eds/bin/gnu/h-x86_64-mingw32/bin/../lib/gcc/nios2-elf/5.3.0/../../../../../H-x86_64-mingw32/nios2-elf/lib/mno-hw-mul\libc.a(lib_a-exit.o)
 .data          0x0000000010015eac        0x0 d:/intelfpga_lite/18.0_quartus/nios2eds/bin/gnu/h-x86_64-mingw32/bin/../lib/gcc/nios2-elf/5.3.0/../../../../../H-x86_64-mingw32/nios2-elf/lib/mno-hw-mul\libc.a(lib_a-memcmp.o)
 .data          0x0000000010015eac        0x0 d:/intelfpga_lite/18.0_quartus/nios2eds/bin/gnu/h-x86_64-mingw32/bin/../lib/gcc/nios2-elf/5.3.0/../../../../../H-x86_64-mingw32/nios2-elf/lib/mno-hw-mul\libc.a(lib_a-__atexit.o)
 .data          0x0000000010015eac        0x0 d:/intelfpga_lite/18.0_quartus/nios2eds/bin/gnu/h-x86_64-mingw32/bin/../lib/gcc/nios2-elf/5.3.0/../../../../../H-x86_64-mingw32/nios2-elf/lib/mno-hw-mul\libc.a(lib_a-__call_atexit.o)
 .data          0x0000000010015eac        0x0 ../final_project_1_bsp/\libhal_bsp.a(alt_exit.o)
                0x000000001001deac                _gp = ABSOLUTE ((. + 0x8000))
                [!provide]                        PROVIDE (gp, _gp)
 *(.rwdata .rwdata.*)
 *(.sdata .sdata.* .gnu.linkonce.s.*)
 .sdata         0x0000000010015eac        0x4 obj/default/game.o
 .sdata         0x0000000010015eb0        0x4 obj/default/main.o
 .sdata.__malloc_sbrk_base
                0x0000000010015eb4        0x4 d:/intelfpga_lite/18.0_quartus/nios2eds/bin/gnu/h-x86_64-mingw32/bin/../lib/gcc/nios2-elf/5.3.0/../../../../../H-x86_64-mingw32/nios2-elf/lib/mno-hw-mul\libc.a(lib_a-mallocr.o)
                0x0000000010015eb4                __malloc_sbrk_base
 .sdata.__malloc_trim_threshold
                0x0000000010015eb8        0x4 d:/intelfpga_lite/18.0_quartus/nios2eds/bin/gnu/h-x86_64-mingw32/bin/../lib/gcc/nios2-elf/5.3.0/../../../../../H-x86_64-mingw32/nios2-elf/lib/mno-hw-mul\libc.a(lib_a-mallocr.o)
                0x0000000010015eb8                __malloc_trim_threshold
 .sdata._global_impure_ptr
                0x0000000010015ebc        0x4 d:/intelfpga_lite/18.0_quartus/nios2eds/bin/gnu/h-x86_64-mingw32/bin/../lib/gcc/nios2-elf/5.3.0/../../../../../H-x86_64-mingw32/nios2-elf/lib/mno-hw-mul\libc.a(lib_a-impure.o)
                0x0000000010015ebc                _global_impure_ptr
 .sdata._impure_ptr
                0x0000000010015ec0        0x4 d:/intelfpga_lite/18.0_quartus/nios2eds/bin/gnu/h-x86_64-mingw32/bin/../lib/gcc/nios2-elf/5.3.0/../../../../../H-x86_64-mingw32/nios2-elf/lib/mno-hw-mul\libc.a(lib_a-impure.o)
                0x0000000010015ec0                _impure_ptr
 .sdata.__mb_cur_max
                0x0000000010015ec4        0x4 d:/intelfpga_lite/18.0_quartus/nios2eds/bin/gnu/h-x86_64-mingw32/bin/../lib/gcc/nios2-elf/5.3.0/../../../../../H-x86_64-mingw32/nios2-elf/lib/mno-hw-mul\libc.a(lib_a-locale.o)
                0x0000000010015ec4                __mb_cur_max
 .sdata.__wctomb
                0x0000000010015ec8        0x4 d:/intelfpga_lite/18.0_quartus/nios2eds/bin/gnu/h-x86_64-mingw32/bin/../lib/gcc/nios2-elf/5.3.0/../../../../../H-x86_64-mingw32/nios2-elf/lib/mno-hw-mul\libc.a(lib_a-wctomb_r.o)
                0x0000000010015ec8                __wctomb
 .sdata         0x0000000010015ecc       0x14 ../final_project_1_bsp/\libhal_bsp.a(alt_dev.o)
                0x0000000010015ecc                alt_fs_list
                0x0000000010015ed4                alt_dev_list
                0x0000000010015edc                alt_max_fd
 .sdata         0x0000000010015ee0        0x4 ../final_project_1_bsp/\libhal_bsp.a(alt_errno.o)
                0x0000000010015ee0                alt_errno
 .sdata         0x0000000010015ee4        0x4 ../final_project_1_bsp/\libhal_bsp.a(alt_sbrk.o)
 .sdata         0x0000000010015ee8        0x4 ../final_project_1_bsp/\libhal_bsp.a(alt_irq_vars.o)
                0x0000000010015ee8                alt_priority_mask
 .sdata         0x0000000010015eec        0x8 ../final_project_1_bsp/\libhal_bsp.a(alt_tick.o)
                0x0000000010015eec                alt_alarm_list
 *(.sdata2 .sdata2.* .gnu.linkonce.s2.*)
                0x0000000010015ef4                . = ALIGN (0x4)
                0x0000000010015ef4                _edata = ABSOLUTE (.)
                [!provide]                        PROVIDE (edata, ABSOLUTE (.))
                0x0000000010015ef4                PROVIDE (__ram_rwdata_end, ABSOLUTE (.))
                0x0000000010015ef4                PROVIDE (__flash_rwdata_start, LOADADDR (.rwdata))

.bss            0x00000000100179e8      0x1c0
                0x00000000100179e8                __bss_start = ABSOLUTE (.)
                [!provide]                        PROVIDE (__sbss_start, ABSOLUTE (.))
                [!provide]                        PROVIDE (___sbss_start, ABSOLUTE (.))
 *(.dynsbss)
 *(.sbss .sbss.* .gnu.linkonce.sb.*)
 .sbss          0x00000000100179e8        0x4 obj/default/character.o
 .sbss          0x00000000100179ec        0x8 obj/default/enemy.o
 .sbss          0x00000000100179f4       0x18 obj/default/game.o
 .sbss          0x0000000010017a0c       0x20 obj/default/game.o
                0x0000000010017a0c                enemy5
                0x0000000010017a10                enemy1
                0x0000000010017a14                enemy4
                0x0000000010017a18                life_bar
                0x0000000010017a1c                my_char
                0x0000000010017a20                ball_attack
                0x0000000010017a24                enemy2
                0x0000000010017a28                enemy3
 .sbss          0x0000000010017a2c       0x1c obj/default/main.o
 .sbss.__malloc_max_total_mem
                0x0000000010017a48        0x4 d:/intelfpga_lite/18.0_quartus/nios2eds/bin/gnu/h-x86_64-mingw32/bin/../lib/gcc/nios2-elf/5.3.0/../../../../../H-x86_64-mingw32/nios2-elf/lib/mno-hw-mul\libc.a(lib_a-mallocr.o)
                0x0000000010017a48                __malloc_max_total_mem
 .sbss.__malloc_max_sbrked_mem
                0x0000000010017a4c        0x4 d:/intelfpga_lite/18.0_quartus/nios2eds/bin/gnu/h-x86_64-mingw32/bin/../lib/gcc/nios2-elf/5.3.0/../../../../../H-x86_64-mingw32/nios2-elf/lib/mno-hw-mul\libc.a(lib_a-mallocr.o)
                0x0000000010017a4c                __malloc_max_sbrked_mem
 .sbss.__malloc_top_pad
                0x0000000010017a50        0x4 d:/intelfpga_lite/18.0_quartus/nios2eds/bin/gnu/h-x86_64-mingw32/bin/../lib/gcc/nios2-elf/5.3.0/../../../../../H-x86_64-mingw32/nios2-elf/lib/mno-hw-mul\libc.a(lib_a-mallocr.o)
                0x0000000010017a50                __malloc_top_pad
 .sbss          0x0000000010017a54        0x4 d:/intelfpga_lite/18.0_quartus/nios2eds/bin/gnu/h-x86_64-mingw32/bin/../lib/gcc/nios2-elf/5.3.0/../../../../../H-x86_64-mingw32/nios2-elf/lib/mno-hw-mul\libc.a(lib_a-int_errno.o)
                0x0000000010017a54                errno
 .sbss._PathLocale